Archive member included to satisfy reference by file (symbol)

/opt/stm32cubeide/plugins/com.st.stm32cube.ide.mcu.externaltools.gnu-tools-for-stm32.14.3.rel1.linux64_1.0.100.202602081740/tools/bin/../lib/gcc/arm-none-eabi/14.3.1/../../../../arm-none-eabi/lib/thumb/v6-m/nofp/libc_nano.a(libc_a-exit.o)
                              /opt/stm32cubeide/plugins/com.st.stm32cube.ide.mcu.externaltools.gnu-tools-for-stm32.14.3.rel1.linux64_1.0.100.202602081740/tools/bin/../lib/gcc/arm-none-eabi/14.3.1/../../../../arm-none-eabi/lib/thumb/v6-m/nofp/crt0.o (exit)
/opt/stm32cubeide/plugins/com.st.stm32cube.ide.mcu.externaltools.gnu-tools-for-stm32.14.3.rel1.linux64_1.0.100.202602081740/tools/bin/../lib/gcc/arm-none-eabi/14.3.1/../../../../arm-none-eabi/lib/thumb/v6-m/nofp/libc_nano.a(libc_a-findfp.o)
                              /opt/stm32cubeide/plugins/com.st.stm32cube.ide.mcu.externaltools.gnu-tools-for-stm32.14.3.rel1.linux64_1.0.100.202602081740/tools/bin/../lib/gcc/arm-none-eabi/14.3.1/../../../../arm-none-eabi/lib/thumb/v6-m/nofp/libc_nano.a(libc_a-exit.o) (__stdio_exit_handler)
/opt/stm32cubeide/plugins/com.st.stm32cube.ide.mcu.externaltools.gnu-tools-for-stm32.14.3.rel1.linux64_1.0.100.202602081740/tools/bin/../lib/gcc/arm-none-eabi/14.3.1/../../../../arm-none-eabi/lib/thumb/v6-m/nofp/libc_nano.a(libc_a-fwalk.o)
                              /opt/stm32cubeide/plugins/com.st.stm32cube.ide.mcu.externaltools.gnu-tools-for-stm32.14.3.rel1.linux64_1.0.100.202602081740/tools/bin/../lib/gcc/arm-none-eabi/14.3.1/../../../../arm-none-eabi/lib/thumb/v6-m/nofp/libc_nano.a(libc_a-findfp.o) (_fwalk_sglue)
/opt/stm32cubeide/plugins/com.st.stm32cube.ide.mcu.externaltools.gnu-tools-for-stm32.14.3.rel1.linux64_1.0.100.202602081740/tools/bin/../lib/gcc/arm-none-eabi/14.3.1/../../../../arm-none-eabi/lib/thumb/v6-m/nofp/libc_nano.a(libc_a-stdio.o)
                              /opt/stm32cubeide/plugins/com.st.stm32cube.ide.mcu.externaltools.gnu-tools-for-stm32.14.3.rel1.linux64_1.0.100.202602081740/tools/bin/../lib/gcc/arm-none-eabi/14.3.1/../../../../arm-none-eabi/lib/thumb/v6-m/nofp/libc_nano.a(libc_a-findfp.o) (__sread)
/opt/stm32cubeide/plugins/com.st.stm32cube.ide.mcu.externaltools.gnu-tools-for-stm32.14.3.rel1.linux64_1.0.100.202602081740/tools/bin/../lib/gcc/arm-none-eabi/14.3.1/../../../../arm-none-eabi/lib/thumb/v6-m/nofp/libc_nano.a(libc_a-memset.o)
                              /opt/stm32cubeide/plugins/com.st.stm32cube.ide.mcu.externaltools.gnu-tools-for-stm32.14.3.rel1.linux64_1.0.100.202602081740/tools/bin/../lib/gcc/arm-none-eabi/14.3.1/../../../../arm-none-eabi/lib/thumb/v6-m/nofp/crt0.o (memset)
/opt/stm32cubeide/plugins/com.st.stm32cube.ide.mcu.externaltools.gnu-tools-for-stm32.14.3.rel1.linux64_1.0.100.202602081740/tools/bin/../lib/gcc/arm-none-eabi/14.3.1/../../../../arm-none-eabi/lib/thumb/v6-m/nofp/libc_nano.a(libc_a-closer.o)
                              /opt/stm32cubeide/plugins/com.st.stm32cube.ide.mcu.externaltools.gnu-tools-for-stm32.14.3.rel1.linux64_1.0.100.202602081740/tools/bin/../lib/gcc/arm-none-eabi/14.3.1/../../../../arm-none-eabi/lib/thumb/v6-m/nofp/libc_nano.a(libc_a-stdio.o) (_close_r)
/opt/stm32cubeide/plugins/com.st.stm32cube.ide.mcu.externaltools.gnu-tools-for-stm32.14.3.rel1.linux64_1.0.100.202602081740/tools/bin/../lib/gcc/arm-none-eabi/14.3.1/../../../../arm-none-eabi/lib/thumb/v6-m/nofp/libc_nano.a(libc_a-reent.o)
                              /opt/stm32cubeide/plugins/com.st.stm32cube.ide.mcu.externaltools.gnu-tools-for-stm32.14.3.rel1.linux64_1.0.100.202602081740/tools/bin/../lib/gcc/arm-none-eabi/14.3.1/../../../../arm-none-eabi/lib/thumb/v6-m/nofp/libc_nano.a(libc_a-closer.o) (errno)
/opt/stm32cubeide/plugins/com.st.stm32cube.ide.mcu.externaltools.gnu-tools-for-stm32.14.3.rel1.linux64_1.0.100.202602081740/tools/bin/../lib/gcc/arm-none-eabi/14.3.1/../../../../arm-none-eabi/lib/thumb/v6-m/nofp/libc_nano.a(libc_a-impure.o)
                              /opt/stm32cubeide/plugins/com.st.stm32cube.ide.mcu.externaltools.gnu-tools-for-stm32.14.3.rel1.linux64_1.0.100.202602081740/tools/bin/../lib/gcc/arm-none-eabi/14.3.1/../../../../arm-none-eabi/lib/thumb/v6-m/nofp/libc_nano.a(libc_a-reent.o) (_impure_ptr)
/opt/stm32cubeide/plugins/com.st.stm32cube.ide.mcu.externaltools.gnu-tools-for-stm32.14.3.rel1.linux64_1.0.100.202602081740/tools/bin/../lib/gcc/arm-none-eabi/14.3.1/../../../../arm-none-eabi/lib/thumb/v6-m/nofp/libc_nano.a(libc_a-lseekr.o)
                              /opt/stm32cubeide/plugins/com.st.stm32cube.ide.mcu.externaltools.gnu-tools-for-stm32.14.3.rel1.linux64_1.0.100.202602081740/tools/bin/../lib/gcc/arm-none-eabi/14.3.1/../../../../arm-none-eabi/lib/thumb/v6-m/nofp/libc_nano.a(libc_a-stdio.o) (_lseek_r)
/opt/stm32cubeide/plugins/com.st.stm32cube.ide.mcu.externaltools.gnu-tools-for-stm32.14.3.rel1.linux64_1.0.100.202602081740/tools/bin/../lib/gcc/arm-none-eabi/14.3.1/../../../../arm-none-eabi/lib/thumb/v6-m/nofp/libc_nano.a(libc_a-readr.o)
[...]
Memory Configuration

Name             Origin             Length             Attributes
RAM              0x20000000         0x00004000         xrw
FLASH            0x08000000         0x00020000         xr
*default*        0x00000000         0xffffffff

Linker script and memory map

LOAD /opt/stm32cubeide/plugins/com.st.stm32cube.ide.mcu.externaltools.gnu-tools-for-stm32.14.3.rel1.linux64_1.0.100.202602081740/tools/bin/../lib/gcc/arm-none-eabi/14.3.1/thumb/v6-m/nofp/crti.o
LOAD /opt/stm32cubeide/plugins/com.st.stm32cube.ide.mcu.externaltools.gnu-tools-for-stm32.14.3.rel1.linux64_1.0.100.202602081740/tools/bin/../lib/gcc/arm-none-eabi/14.3.1/thumb/v6-m/nofp/crtbegin.o
LOAD /opt/stm32cubeide/plugins/com.st.stm32cube.ide.mcu.externaltools.gnu-tools-for-stm32.14.3.rel1.linux64_1.0.100.202602081740/tools/bin/../lib/gcc/arm-none-eabi/14.3.1/../../../../arm-none-eabi/lib/thumb/v6-m/nofp/crt0.o
LOAD ./Core/Src/main.o
LOAD ./Core/Src/stm32f0xx_hal_msp.o
LOAD ./Core/Src/stm32f0xx_it.o
LOAD ./Core/Src/syscalls.o
LOAD ./Core/Src/sysmem.o
LOAD ./Core/Src/system_stm32f0xx.o
LOAD ./Core/Startup/startup_stm32f072rbtx.o
LOAD ./Drivers/STM32F0xx_HAL_Driver/Src/stm32f0xx_hal.o
LOAD ./Drivers/STM32F0xx_HAL_Driver/Src/stm32f0xx_hal_adc.o
LOAD ./Drivers/STM32F0xx_HAL_Driver/Src/stm32f0xx_hal_adc_ex.o
LOAD ./Drivers/STM32F0xx_HAL_Driver/Src/stm32f0xx_hal_cortex.o
LOAD ./Drivers/STM32F0xx_HAL_Driver/Src/stm32f0xx_hal_dma.o
LOAD ./Drivers/STM32F0xx_HAL_Driver/Src/stm32f0xx_hal_exti.o
LOAD ./Drivers/STM32F0xx_HAL_Driver/Src/stm32f0xx_hal_flash.o
LOAD ./Drivers/STM32F0xx_HAL_Driver/Src/stm32f0xx_hal_flash_ex.o
LOAD ./Drivers/STM32F0xx_HAL_Driver/Src/stm32f0xx_hal_gpio.o
LOAD ./Drivers/STM32F0xx_HAL_Driver/Src/stm32f0xx_hal_i2c.o
LOAD ./Drivers/STM32F0xx_HAL_Driver/Src/stm32f0xx_hal_i2c_ex.o
LOAD ./Drivers/STM32F0xx_HAL_Driver/Src/stm32f0xx_hal_pcd.o
LOAD ./Drivers/STM32F0xx_HAL_Driver/Src/stm32f0xx_hal_pcd_ex.o
LOAD ./Drivers/STM32F0xx_HAL_Driver/Src/stm32f0xx_hal_pwr.o
LOAD ./Drivers/STM32F0xx_HAL_Driver/Src/stm32f0xx_hal_pwr_ex.o
LOAD ./Drivers/STM32F0xx_HAL_Driver/Src/stm32f0xx_hal_rcc.o
LOAD ./Drivers/STM32F0xx_HAL_Driver/Src/stm32f0xx_hal_rcc_ex.o
LOAD ./Drivers/STM32F0xx_HAL_Driver/Src/stm32f0xx_ll_usb.o
LOAD ./Middlewares/ST/STM32_USB_Device_Library/Class/CustomHID/Src/usbd_customhid.o
LOAD ./Middlewares/ST/STM32_USB_Device_Library/Core/Src/usbd_core.o
LOAD ./Middlewares/ST/STM32_USB_Device_Library/Core/Src/usbd_ctlreq.o
LOAD ./Middlewares/ST/STM32_USB_Device_Library/Core/Src/usbd_ioreq.o
LOAD ./USB_DEVICE/App/usb_device.o
LOAD ./USB_DEVICE/App/usbd_custom_hid_if.o
LOAD ./USB_DEVICE/App/usbd_desc.o
LOAD ./USB_DEVICE/Target/usbd_conf.o
START GROUP
LOAD /opt/stm32cubeide/plugins/com.st.stm32cube.ide.mcu.externaltools.gnu-tools-for-stm32.14.3.rel1.linux64_1.0.100.202602081740/tools/bin/../lib/gcc/arm-none-eabi/14.3.1/../../../../arm-none-eabi/lib/thumb/v6-m/nofp/libc_nano.a
LOAD /opt/stm32cubeide/plugins/com.st.stm32cube.ide.mcu.externaltools.gnu-tools-for-stm32.14.3.rel1.linux64_1.0.100.202602081740/tools/bin/../lib/gcc/arm-none-eabi/14.3.1/../../../../arm-none-eabi/lib/thumb/v6-m/nofp/libm.a
END GROUP
START GROUP
LOAD /opt/stm32cubeide/plugins/com.st.stm32cube.ide.mcu.externaltools.gnu-tools-for-stm32.14.3.rel1.linux64_1.0.100.202602081740/tools/bin/../lib/gcc/arm-none-eabi/14.3.1/thumb/v6-m/nofp/libgcc.a
LOAD /opt/stm32cubeide/plugins/com.st.stm32cube.ide.mcu.externaltools.gnu-tools-for-stm32.14.3.rel1.linux64_1.0.100.202602081740/tools/bin/../lib/gcc/arm-none-eabi/14.3.1/../../../../arm-none-eabi/lib/thumb/v6-m/nofp/libc_nano.a
END GROUP
START GROUP
LOAD /opt/stm32cubeide/plugins/com.st.stm32cube.ide.mcu.externaltools.gnu-tools-for-stm32.14.3.rel1.linux64_1.0.100.202602081740/tools/bin/../lib/gcc/arm-none-eabi/14.3.1/thumb/v6-m/nofp/libgcc.a
LOAD /opt/stm32cubeide/plugins/com.st.stm32cube.ide.mcu.externaltools.gnu-tools-for-stm32.14.3.rel1.linux64_1.0.100.202602081740/tools/bin/../lib/gcc/arm-none-eabi/14.3.1/../../../../arm-none-eabi/lib/thumb/v6-m/nofp/libc_nano.a
LOAD /opt/stm32cubeide/plugins/com.st.stm32cube.ide.mcu.externaltools.gnu-tools-for-stm32.14.3.rel1.linux64_1.0.100.202602081740/tools/bin/../lib/gcc/arm-none-eabi/14.3.1/../../../../arm-none-eabi/lib/thumb/v6-m/nofp/libnosys.a
END GROUP
START GROUP
LOAD /opt/stm32cubeide/plugins/com.st.stm32cube.ide.mcu.externaltools.gnu-tools-for-stm32.14.3.rel1.linux64_1.0.100.202602081740/tools/bin/../lib/gcc/arm-none-eabi/14.3.1/thumb/v6-m/nofp/libgcc.a
LOAD /opt/stm32cubeide/plugins/com.st.stm32cube.ide.mcu.externaltools.gnu-tools-for-stm32.14.3.rel1.linux64_1.0.100.202602081740/tools/bin/../lib/gcc/arm-none-eabi/14.3.1/../../../../arm-none-eabi/lib/thumb/v6-m/nofp/libc_nano.a
LOAD /opt/stm32cubeide/plugins/com.st.stm32cube.ide.mcu.externaltools.gnu-tools-for-stm32.14.3.rel1.linux64_1.0.100.202602081740/tools/bin/../lib/gcc/arm-none-eabi/14.3.1/../../../../arm-none-eabi/lib/thumb/v6-m/nofp/libnosys.a
END GROUP
LOAD /opt/stm32cubeide/plugins/com.st.stm32cube.ide.mcu.externaltools.gnu-tools-for-stm32.14.3.rel1.linux64_1.0.100.202602081740/tools/bin/../lib/gcc/arm-none-eabi/14.3.1/thumb/v6-m/nofp/crtend.o
LOAD /opt/stm32cubeide/plugins/com.st.stm32cube.ide.mcu.externaltools.gnu-tools-for-stm32.14.3.rel1.linux64_1.0.100.202602081740/tools/bin/../lib/gcc/arm-none-eabi/14.3.1/thumb/v6-m/nofp/crtn.o
                0x20004000                        _estack = (ORIGIN (RAM) + LENGTH (RAM))
                0x00000200                        _Min_Heap_Size = 0x200
                0x00000400                        _Min_Stack_Size = 0x400

.isr_vector     0x08000000       0xc0
                0x08000000                        . = ALIGN (0x4)
 *(.isr_vector)
 .isr_vector    0x08000000       0xc0 ./Core/Startup/startup_stm32f072rbtx.o
                0x08000000                g_pfnVectors
                0x080000c0                        . = ALIGN (0x4)

.text           0x080000c0     0x7f74
                0x080000c0                        . = ALIGN (0x4)
 *(.text)
 .text          0x080000c0       0x48 /opt/stm32cubeide/plugins/com.st.stm32cube.ide.mcu.externaltools.gnu-tools-for-stm32.14.3.rel1.linux64_1.0.100.202602081740/tools/bin/../lib/gcc/arm-none-eabi/14.3.1/thumb/v6-m/nofp/crtbegin.o
 .text          0x08000108      0x114 /opt/stm32cubeide/plugins/com.st.stm32cube.ide.mcu.externaltools.gnu-tools-for-stm32.14.3.rel1.linux64_1.0.100.202602081740/tools/bin/../lib/gcc/arm-none-eabi/14.3.1/thumb/v6-m/nofp/libgcc.a(_udivsi3.o)
                0x08000108                __udivsi3
                0x08000108                __aeabi_uidiv
                0x08000214                __aeabi_uidivmod
 .text          0x0800021c        0x4 /opt/stm32cubeide/plugins/com.st.stm32cube.ide.mcu.externaltools.gnu-tools-for-stm32.14.3.rel1.linux64_1.0.100.202602081740/tools/bin/../lib/gcc/arm-none-eabi/14.3.1/thumb/v6-m/nofp/libgcc.a(_dvmd_tls.o)
                0x0800021c                __aeabi_ldiv0
                0x0800021c                __aeabi_idiv0
 *(.text*)
 .text.main     0x08000220       0x32 ./Core/Src/main.o
                0x08000220                main
 .text.SystemClock_Config
                0x08000252       0xcc ./Core/Src/main.o
                0x08000252                SystemClock_Config
 *fill*         0x0800031e        0x2 
 .text.MX_ADC_Init
                0x08000320       0xfc ./Core/Src/main.o
 .text.MX_GPIO_Init
                0x0800041c       0xe0 ./Core/Src/main.o
 .text.Error_Handler
                0x080004fc        0xc ./Core/Src/main.o
                0x080004fc                Error_Handler
 .text.HAL_MspInit
                0x08000508       0x48 ./Core/Src/stm32f0xx_hal_msp.o
                0x08000508                HAL_MspInit
 .text.HAL_ADC_MspInit
                0x08000550       0x9c ./Core/Src/stm32f0xx_hal_msp.o
                0x08000550                HAL_ADC_MspInit
 .text.NMI_Handler
                0x080005ec        0x8 ./Core/Src/stm32f0xx_it.o
                0x080005ec                NMI_Handler
 .text.HardFault_Handler
                0x080005f4        0x8 ./Core/Src/stm32f0xx_it.o
                0x080005f4                HardFault_Handler
 .text.SVC_Handler
                0x080005fc        0xa ./Core/Src/stm32f0xx_it.o
                0x080005fc                SVC_Handler
 .text.PendSV_Handler
                0x08000606        0xa ./Core/Src/stm32f0xx_it.o
                0x08000606                PendSV_Handler
 .text.SysTick_Handler
                0x08000610        0xe ./Core/Src/stm32f0xx_it.o
                0x08000610                SysTick_Handler
 .text.EXTI0_1_IRQHandler
                0x0800061e       0x10 ./Core/Src/stm32f0xx_it.o
                0x0800061e                EXTI0_1_IRQHandler
 *fill*         0x0800062e        0x2 
 .text.ADC1_COMP_IRQHandler
                0x08000630       0x18 ./Core/Src/stm32f0xx_it.o
                0x08000630                ADC1_COMP_IRQHandler
 .text.USB_IRQHandler
                0x08000648       0x18 ./Core/Src/stm32f0xx_it.o
                0x08000648                USB_IRQHandler
 .text.SystemInit
                0x08000660        0xa ./Core/Src/system_stm32f0xx.o
                0x08000660                SystemInit
 *fill*         0x0800066a        0x2 
 .text.Reset_Handler
                0x0800066c       0x50 ./Core/Startup/startup_stm32f072rbtx.o
                0x0800066c                Reset_Handler
 .text.Default_Handler
                0x080006bc        0x2 ./Core/Startup/startup_stm32f072rbtx.o
                0x080006bc                TIM1_CC_IRQHandler
                0x080006bc                TSC_IRQHandler
                0x080006bc                I2C1_IRQHandler
                0x080006bc                RCC_CRS_IRQHandler
                0x080006bc                SPI1_IRQHandler
                0x080006bc                TIM6_DAC_IRQHandler
                0x080006bc                USART3_4_IRQHandler
                0x080006bc                EXTI2_3_IRQHandler
                0x080006bc                I2C2_IRQHandler
                0x080006bc                TIM17_IRQHandler
                0x080006bc                CEC_CAN_IRQHandler
                0x080006bc                RTC_IRQHandler
                0x080006bc                PVD_VDDIO2_IRQHandler
                0x080006bc                DMA1_Channel4_5_6_7_IRQHandler
                0x080006bc                TIM16_IRQHandler
                0x080006bc                TIM3_IRQHandler
                0x080006bc                EXTI4_15_IRQHandler
                0x080006bc                DMA1_Channel1_IRQHandler
                0x080006bc                Default_Handler
                0x080006bc                TIM14_IRQHandler
                0x080006bc                TIM7_IRQHandler
                0x080006bc                TIM15_IRQHandler
                0x080006bc                SPI2_IRQHandler
                0x080006bc                WWDG_IRQHandler
                0x080006bc                TIM2_IRQHandler
                0x080006bc                DMA1_Channel2_3_IRQHandler
                0x080006bc                USART2_IRQHandler
                0x080006bc                FLASH_IRQHandler
                0x080006bc                USART1_IRQHandler
                0x080006bc                TIM1_BRK_UP_TRG_COM_IRQHandler
 *fill*         0x080006be        0x2 
 .text.HAL_Init
                0x080006c0       0x28 ./Drivers/STM32F0xx_HAL_Driver/Src/stm32f0xx_hal.o
                0x080006c0                HAL_Init
 .text.HAL_InitTick
                0x080006e8       0x68 ./Drivers/STM32F0xx_HAL_Driver/Src/stm32f0xx_hal.o
                0x080006e8                HAL_InitTick
 .text.HAL_IncTick
                0x08000750       0x24 ./Drivers/STM32F0xx_HAL_Driver/Src/stm32f0xx_hal.o
                0x08000750                HAL_IncTick
 .text.HAL_GetTick
                0x08000774       0x14 ./Drivers/STM32F0xx_HAL_Driver/Src/stm32f0xx_hal.o
                0x08000774                HAL_GetTick
 .text.HAL_Delay
                0x08000788       0x48 ./Drivers/STM32F0xx_HAL_Driver/Src/stm32f0xx_hal.o
                0x08000788                HAL_Delay
 .text.HAL_ADC_Init
                0x080007d0      0x280 ./Drivers/STM32F0xx_HAL_Driver/Src/stm32f0xx_hal_adc.o
                0x080007d0                HAL_ADC_Init
 .text.HAL_ADC_IRQHandler
                0x08000a50      0x148 ./Drivers/STM32F0xx_HAL_Driver/Src/stm32f0xx_hal_adc.o
                0x08000a50                HAL_ADC_IRQHandler
 .text.HAL_ADC_ConvCpltCallback
                0x08000b98       0x10 ./Drivers/STM32F0xx_HAL_Driver/Src/stm32f0xx_hal_adc.o
                0x08000b98                HAL_ADC_ConvCpltCallback
 .text.HAL_ADC_LevelOutOfWindowCallback
                0x08000ba8       0x10 ./Drivers/STM32F0xx_HAL_Driver/Src/stm32f0xx_hal_adc.o
                0x08000ba8                HAL_ADC_LevelOutOfWindowCallback
 .text.HAL_ADC_ErrorCallback
                0x08000bb8       0x10 ./Drivers/STM32F0xx_HAL_Driver/Src/stm32f0xx_hal_adc.o
                0x08000bb8                HAL_ADC_ErrorCallback
 .text.HAL_ADC_ConfigChannel
                0x08000bc8      0x21c ./Drivers/STM32F0xx_HAL_Driver/Src/stm32f0xx_hal_adc.o
                0x08000bc8                HAL_ADC_ConfigChannel
 .text.HAL_ADC_AnalogWDGConfig
                0x08000de4      0x11c ./Drivers/STM32F0xx_HAL_Driver/Src/stm32f0xx_hal_adc.o
                0x08000de4                HAL_ADC_AnalogWDGConfig
 .text.__NVIC_EnableIRQ
                0x08000f00       0x34 ./Drivers/STM32F0xx_HAL_Driver/Src/stm32f0xx_hal_cortex.o
 .text.__NVIC_SetPriority
                0x08000f34       0xdc ./Drivers/STM32F0xx_HAL_Driver/Src/stm32f0xx_hal_cortex.o
 .text.SysTick_Config
                0x08001010       0x48 ./Drivers/STM32F0xx_HAL_Driver/Src/stm32f0xx_hal_cortex.o
 .text.HAL_NVIC_SetPriority
                0x08001058       0x2a ./Drivers/STM32F0xx_HAL_Driver/Src/stm32f0xx_hal_cortex.o
                0x08001058                HAL_NVIC_SetPriority
 .text.HAL_NVIC_EnableIRQ
                0x08001082       0x20 ./Drivers/STM32F0xx_HAL_Driver/Src/stm32f0xx_hal_cortex.o
                0x08001082                HAL_NVIC_EnableIRQ
 .text.HAL_SYSTICK_Config
                0x080010a2       0x1a ./Drivers/STM32F0xx_HAL_Driver/Src/stm32f0xx_hal_cortex.o
                0x080010a2                HAL_SYSTICK_Config
 .text.HAL_GPIO_Init
                0x080010bc      0x2f0 ./Drivers/STM32F0xx_HAL_Driver/Src/stm32f0xx_hal_gpio.o
                0x080010bc                HAL_GPIO_Init
 .text.HAL_GPIO_WritePin
                0x080013ac       0x3a ./Drivers/STM32F0xx_HAL_Driver/Src/stm32f0xx_hal_gpio.o
                0x080013ac                HAL_GPIO_WritePin
 .text.HAL_GPIO_TogglePin
                0x080013e6       0x36 ./Drivers/STM32F0xx_HAL_Driver/Src/stm32f0xx_hal_gpio.o
                0x080013e6                HAL_GPIO_TogglePin
 .text.HAL_GPIO_EXTI_IRQHandler
                0x0800141c       0x38 ./Drivers/STM32F0xx_HAL_Driver/Src/stm32f0xx_hal_gpio.o
                0x0800141c                HAL_GPIO_EXTI_IRQHandler
 .text.HAL_GPIO_EXTI_Callback
                0x08001454       0x14 ./Drivers/STM32F0xx_HAL_Driver/Src/stm32f0xx_hal_gpio.o
                0x08001454                HAL_GPIO_EXTI_Callback
 .text.HAL_PCD_Init
                0x08001468      0x1e8 ./Drivers/STM32F0xx_HAL_Driver/Src/stm32f0xx_hal_pcd.o
                0x08001468                HAL_PCD_Init
 .text.HAL_PCD_Start
                0x08001650       0x4a ./Drivers/STM32F0xx_HAL_Driver/Src/stm32f0xx_hal_pcd.o
                0x08001650                HAL_PCD_Start
 *fill*         0x0800169a        0x2 
 .text.HAL_PCD_IRQHandler
                0x0800169c      0x288 ./Drivers/STM32F0xx_HAL_Driver/Src/stm32f0xx_hal_pcd.o
                0x0800169c                HAL_PCD_IRQHandler
 .text.HAL_PCD_SetAddress
                0x08001924       0x54 ./Drivers/STM32F0xx_HAL_Driver/Src/stm32f0xx_hal_pcd.o
                0x08001924                HAL_PCD_SetAddress
 .text.HAL_PCD_EP_Open
                0x08001978       0xde ./Drivers/STM32F0xx_HAL_Driver/Src/stm32f0xx_hal_pcd.o
                0x08001978                HAL_PCD_EP_Open
 .text.HAL_PCD_EP_Close
                0x08001a56       0xa2 ./Drivers/STM32F0xx_HAL_Driver/Src/stm32f0xx_hal_pcd.o
                0x08001a56                HAL_PCD_EP_Close
 .text.HAL_PCD_EP_Receive
                0x08001af8       0x6e ./Drivers/STM32F0xx_HAL_Driver/Src/stm32f0xx_hal_pcd.o
                0x08001af8                HAL_PCD_EP_Receive
 .text.HAL_PCD_EP_Transmit
                0x08001b66       0x78 ./Drivers/STM32F0xx_HAL_Driver/Src/stm32f0xx_hal_pcd.o
                0x08001b66                HAL_PCD_EP_Transmit
 .text.HAL_PCD_EP_SetStall
                0x08001bde       0xb8 ./Drivers/STM32F0xx_HAL_Driver/Src/stm32f0xx_hal_pcd.o
                0x08001bde                HAL_PCD_EP_SetStall
 .text.HAL_PCD_EP_ClrStall
                0x08001c96       0xbc ./Drivers/STM32F0xx_HAL_Driver/Src/stm32f0xx_hal_pcd.o
                0x08001c96                HAL_PCD_EP_ClrStall
 *fill*         0x08001d52        0x2 
 .text.PCD_EP_ISR_Handler
                0x08001d54      0x808 ./Drivers/STM32F0xx_HAL_Driver/Src/stm32f0xx_hal_pcd.o
 .text.HAL_PCD_EP_DB_Receive
                0x0800255c      0x238 ./Drivers/STM32F0xx_HAL_Driver/Src/stm32f0xx_hal_pcd.o
 .text.HAL_PCD_EP_DB_Transmit
                0x08002794      0x820 ./Drivers/STM32F0xx_HAL_Driver/Src/stm32f0xx_hal_pcd.o
 .text.HAL_PCDEx_PMAConfig
                0x08002fb4       0x9c ./Drivers/STM32F0xx_HAL_Driver/Src/stm32f0xx_hal_pcd_ex.o
                0x08002fb4                HAL_PCDEx_PMAConfig
 .text.HAL_PCDEx_ActivateLPM
                0x08003050       0x54 ./Drivers/STM32F0xx_HAL_Driver/Src/stm32f0xx_hal_pcd_ex.o
                0x08003050                HAL_PCDEx_ActivateLPM
 .text.HAL_PCDEx_LPM_Callback
                0x080030a4       0x16 ./Drivers/STM32F0xx_HAL_Driver/Src/stm32f0xx_hal_pcd_ex.o
                0x080030a4                HAL_PCDEx_LPM_Callback
 *fill*         0x080030ba        0x2 
 .text.HAL_RCC_OscConfig
                0x080030bc      0x70c ./Drivers/STM32F0xx_HAL_Driver/Src/stm32f0xx_hal_rcc.o
                0x080030bc                HAL_RCC_OscConfig
 .text.HAL_RCC_ClockConfig
                0x080037c8      0x1b4 ./Drivers/STM32F0xx_HAL_Driver/Src/stm32f0xx_hal_rcc.o
                0x080037c8                HAL_RCC_ClockConfig
 .text.HAL_RCC_GetSysClockFreq
                0x0800397c       0xe4 ./Drivers/STM32F0xx_HAL_Driver/Src/stm32f0xx_hal_rcc.o
                0x0800397c                HAL_RCC_GetSysClockFreq
 .text.HAL_RCCEx_PeriphCLKConfig
                0x08003a60      0x1fc ./Drivers/STM32F0xx_HAL_Driver/Src/stm32f0xx_hal_rcc_ex.o
                0x08003a60                HAL_RCCEx_PeriphCLKConfig
 .text.USB_EnableGlobalInt
                0x08003c5c       0x2c ./Drivers/STM32F0xx_HAL_Driver/Src/stm32f0xx_ll_usb.o
                0x08003c5c                USB_EnableGlobalInt
 .text.USB_DisableGlobalInt
                0x08003c88       0x34 ./Drivers/STM32F0xx_HAL_Driver/Src/stm32f0xx_ll_usb.o
                0x08003c88                USB_DisableGlobalInt
 .text.USB_DevInit
                0x08003cbc       0x38 ./Drivers/STM32F0xx_HAL_Driver/Src/stm32f0xx_ll_usb.o
                0x08003cbc                USB_DevInit
 .text.USB_ActivateEndpoint
                0x08003cf4      0x750 ./Drivers/STM32F0xx_HAL_Driver/Src/stm32f0xx_ll_usb.o
                0x08003cf4                USB_ActivateEndpoint
 .text.USB_DeactivateEndpoint
                0x08004444      0x380 ./Drivers/STM32F0xx_HAL_Driver/Src/stm32f0xx_ll_usb.o
                0x08004444                USB_DeactivateEndpoint
 .text.USB_EPStartXfer
                0x080047c4     0x1260 ./Drivers/STM32F0xx_HAL_Driver/Src/stm32f0xx_ll_usb.o
                0x080047c4                USB_EPStartXfer
 .text.USB_EPSetStall
                0x08005a24       0xa0 ./Drivers/STM32F0xx_HAL_Driver/Src/stm32f0xx_ll_usb.o
                0x08005a24                USB_EPSetStall
 .text.USB_EPClearStall
                0x08005ac4      0x164 ./Drivers/STM32F0xx_HAL_Driver/Src/stm32f0xx_ll_usb.o
                0x08005ac4                USB_EPClearStall
 .text.USB_SetDevAddress
                0x08005c28       0x28 ./Drivers/STM32F0xx_HAL_Driver/Src/stm32f0xx_ll_usb.o
                0x08005c28                USB_SetDevAddress
 .text.USB_DevConnect
                0x08005c50       0x2c ./Drivers/STM32F0xx_HAL_Driver/Src/stm32f0xx_ll_usb.o
                0x08005c50                USB_DevConnect
 .text.USB_ReadInterrupts
                0x08005c7c       0x1c ./Drivers/STM32F0xx_HAL_Driver/Src/stm32f0xx_ll_usb.o
                0x08005c7c                USB_ReadInterrupts
 .text.USB_WritePMA
                0x08005c98       0x94 ./Drivers/STM32F0xx_HAL_Driver/Src/stm32f0xx_ll_usb.o
                0x08005c98                USB_WritePMA
 .text.USB_ReadPMA
                0x08005d2c       0x9e ./Drivers/STM32F0xx_HAL_Driver/Src/stm32f0xx_ll_usb.o
                0x08005d2c                USB_ReadPMA
 .text.USBD_CUSTOM_HID_Init
                0x08005dca       0x98 ./Middlewares/ST/STM32_USB_Device_Library/Class/CustomHID/Src/usbd_customhid.o
 .text.USBD_CUSTOM_HID_DeInit
                0x08005e62       0x6c ./Middlewares/ST/STM32_USB_Device_Library/Class/CustomHID/Src/usbd_customhid.o
 *fill*         0x08005ece        0x2 
 .text.USBD_CUSTOM_HID_Setup
                0x08005ed0      0x220 ./Middlewares/ST/STM32_USB_Device_Library/Class/CustomHID/Src/usbd_customhid.o
 .text.USBD_CUSTOM_HID_GetFSCfgDesc
                0x080060f0       0x1c ./Middlewares/ST/STM32_USB_Device_Library/Class/CustomHID/Src/usbd_customhid.o
 .text.USBD_CUSTOM_HID_GetHSCfgDesc
                0x0800610c       0x1c ./Middlewares/ST/STM32_USB_Device_Library/Class/CustomHID/Src/usbd_customhid.o
 .text.USBD_CUSTOM_HID_GetOtherSpeedCfgDesc
                0x08006128       0x1c ./Middlewares/ST/STM32_USB_Device_Library/Class/CustomHID/Src/usbd_customhid.o
 .text.USBD_CUSTOM_HID_DataIn
                0x08006144       0x24 ./Middlewares/ST/STM32_USB_Device_Library/Class/CustomHID/Src/usbd_customhid.o
 .text.USBD_CUSTOM_HID_DataOut
                0x08006168       0x44 ./Middlewares/ST/STM32_USB_Device_Library/Class/CustomHID/Src/usbd_customhid.o
 .text.USBD_CUSTOM_HID_EP0_RxReady
                0x080061ac       0x40 ./Middlewares/ST/STM32_USB_Device_Library/Class/CustomHID/Src/usbd_customhid.o
 .text.USBD_CUSTOM_HID_GetDeviceQualifierDesc
                0x080061ec       0x1c ./Middlewares/ST/STM32_USB_Device_Library/Class/CustomHID/Src/usbd_customhid.o
 .text.USBD_CUSTOM_HID_RegisterInterface
                0x08006208       0x36 ./Middlewares/ST/STM32_USB_Device_Library/Class/CustomHID/Src/usbd_customhid.o
                0x08006208                USBD_CUSTOM_HID_RegisterInterface
 .text.USBD_Init
                0x0800623e       0x62 ./Middlewares/ST/STM32_USB_Device_Library/Core/Src/usbd_core.o
                0x0800623e                USBD_Init
 .text.USBD_RegisterClass
                0x080062a0       0x40 ./Middlewares/ST/STM32_USB_Device_Library/Core/Src/usbd_core.o
                0x080062a0                USBD_RegisterClass
 .text.USBD_Start
                0x080062e0       0x1a ./Middlewares/ST/STM32_USB_Device_Library/Core/Src/usbd_core.o
                0x080062e0                USBD_Start
 .text.USBD_RunTestMode
                0x080062fa       0x12 ./Middlewares/ST/STM32_USB_Device_Library/Core/Src/usbd_core.o
                0x080062fa                USBD_RunTestMode
 .text.USBD_SetClassConfig
                0x0800630c       0x4e ./Middlewares/ST/STM32_USB_Device_Library/Core/Src/usbd_core.o
                0x0800630c                USBD_SetClassConfig
 .text.USBD_ClrClassConfig
                0x0800635a       0x2c ./Middlewares/ST/STM32_USB_Device_Library/Core/Src/usbd_core.o
                0x0800635a                USBD_ClrClassConfig
 *fill*         0x08006386        0x2 
 .text.USBD_LL_SetupStage
                0x08006388       0xbc ./Middlewares/ST/STM32_USB_Device_Library/Core/Src/usbd_core.o
                0x08006388                USBD_LL_SetupStage
 .text.USBD_LL_DataOutStage
                0x08006444      0x104 ./Middlewares/ST/STM32_USB_Device_Library/Core/Src/usbd_core.o
                0x08006444                USBD_LL_DataOutStage
 .text.USBD_LL_DataInStage
                0x08006548      0x17a ./Middlewares/ST/STM32_USB_Device_Library/Core/Src/usbd_core.o
                0x08006548                USBD_LL_DataInStage
 .text.USBD_LL_Reset
                0x080066c2       0x90 ./Middlewares/ST/STM32_USB_Device_Library/Core/Src/usbd_core.o
                0x080066c2                USBD_LL_Reset
 .text.USBD_LL_SetSpeed
                0x08006752       0x20 ./Middlewares/ST/STM32_USB_Device_Library/Core/Src/usbd_core.o
                0x08006752                USBD_LL_SetSpeed
 *fill*         0x08006772        0x2 
 .text.USBD_LL_Suspend
                0x08006774       0x30 ./Middlewares/ST/STM32_USB_Device_Library/Core/Src/usbd_core.o
                0x08006774                USBD_LL_Suspend
 .text.USBD_LL_Resume
                0x080067a4       0x30 ./Middlewares/ST/STM32_USB_Device_Library/Core/Src/usbd_core.o
                0x080067a4                USBD_LL_Resume
 .text.USBD_LL_SOF
                0x080067d4       0x3c ./Middlewares/ST/STM32_USB_Device_Library/Core/Src/usbd_core.o
                0x080067d4                USBD_LL_SOF
 .text.USBD_StdDevReq
                0x08006810       0xe4 ./Middlewares/ST/STM32_USB_Device_Library/Core/Src/usbd_ctlreq.o
                0x08006810                USBD_StdDevReq
 .text.USBD_StdItfReq
                0x080068f4       0xae ./Middlewares/ST/STM32_USB_Device_Library/Core/Src/usbd_ctlreq.o
                0x080068f4                USBD_StdItfReq
 .text.USBD_StdEPReq
                0x080069a2      0x36c ./Middlewares/ST/STM32_USB_Device_Library/Core/Src/usbd_ctlreq.o
                0x080069a2                USBD_StdEPReq
 *fill*         0x08006d0e        0x2 
 .text.USBD_GetDescriptor
                0x08006d10      0x364 ./Middlewares/ST/STM32_USB_Device_Library/Core/Src/usbd_ctlreq.o
 .text.USBD_SetAddress
                0x08007074       0xa8 ./Middlewares/ST/STM32_USB_Device_Library/Core/Src/usbd_ctlreq.o
 .text.USBD_SetConfig
                0x0800711c      0x148 ./Middlewares/ST/STM32_USB_Device_Library/Core/Src/usbd_ctlreq.o
 .text.USBD_GetConfig
                0x08007264       0x76 ./Middlewares/ST/STM32_USB_Device_Library/Core/Src/usbd_ctlreq.o
 .text.USBD_GetStatus
                0x080072da       0x74 ./Middlewares/ST/STM32_USB_Device_Library/Core/Src/usbd_ctlreq.o
 .text.USBD_SetFeature
                0x0800734e       0x2c ./Middlewares/ST/STM32_USB_Device_Library/Core/Src/usbd_ctlreq.o
 .text.USBD_ClrFeature
                0x0800737a       0x4c ./Middlewares/ST/STM32_USB_Device_Library/Core/Src/usbd_ctlreq.o
 .text.USBD_ParseSetupRequest
                0x080073c6       0x70 ./Middlewares/ST/STM32_USB_Device_Library/Core/Src/usbd_ctlreq.o
                0x080073c6                USBD_ParseSetupRequest
 .text.USBD_CtlError
                0x08007436       0x26 ./Middlewares/ST/STM32_USB_Device_Library/Core/Src/usbd_ctlreq.o
                0x08007436                USBD_CtlError
 .text.USBD_GetString
                0x0800745c       0x9c ./Middlewares/ST/STM32_USB_Device_Library/Core/Src/usbd_ctlreq.o
                0x0800745c                USBD_GetString
 .text.USBD_GetLen
                0x080074f8       0x3a ./Middlewares/ST/STM32_USB_Device_Library/Core/Src/usbd_ctlreq.o
 .text.USBD_CtlSendData
                0x08007532       0x40 ./Middlewares/ST/STM32_USB_Device_Library/Core/Src/usbd_ioreq.o
                0x08007532                USBD_CtlSendData
 .text.USBD_CtlContinueSendData
                0x08007572       0x26 ./Middlewares/ST/STM32_USB_Device_Library/Core/Src/usbd_ioreq.o
                0x08007572                USBD_CtlContinueSendData
 .text.USBD_CtlPrepareRx
                0x08007598       0x48 ./Middlewares/ST/STM32_USB_Device_Library/Core/Src/usbd_ioreq.o
                0x08007598                USBD_CtlPrepareRx
 .text.USBD_CtlContinueRx
                0x080075e0       0x26 ./Middlewares/ST/STM32_USB_Device_Library/Core/Src/usbd_ioreq.o
                0x080075e0                USBD_CtlContinueRx
 .text.USBD_CtlSendStatus
                0x08007606       0x28 ./Middlewares/ST/STM32_USB_Device_Library/Core/Src/usbd_ioreq.o
                0x08007606                USBD_CtlSendStatus
 .text.USBD_CtlReceiveStatus
                0x0800762e       0x28 ./Middlewares/ST/STM32_USB_Device_Library/Core/Src/usbd_ioreq.o
                0x0800762e                USBD_CtlReceiveStatus
 *fill*         0x08007656        0x2 
 .text.MX_USB_DEVICE_Init
                0x08007658       0x68 ./USB_DEVICE/App/usb_device.o
                0x08007658                MX_USB_DEVICE_Init
 .text.CUSTOM_HID_Init_FS
                0x080076c0        0xc ./USB_DEVICE/App/usbd_custom_hid_if.o
 .text.CUSTOM_HID_DeInit_FS
                0x080076cc        0xc ./USB_DEVICE/App/usbd_custom_hid_if.o
 .text.CUSTOM_HID_OutEvent_FS
                0x080076d8       0x1c ./USB_DEVICE/App/usbd_custom_hid_if.o
 .text.USBD_FS_DeviceDescriptor
                0x080076f4       0x24 ./USB_DEVICE/App/usbd_desc.o
                0x080076f4                USBD_FS_DeviceDescriptor
 .text.USBD_FS_LangIDStrDescriptor
                0x08007718       0x24 ./USB_DEVICE/App/usbd_desc.o
                0x08007718                USBD_FS_LangIDStrDescriptor
 .text.USBD_FS_ProductStrDescriptor
                0x0800773c       0x44 ./USB_DEVICE/App/usbd_desc.o
                0x0800773c                USBD_FS_ProductStrDescriptor
 .text.USBD_FS_ManufacturerStrDescriptor
                0x08007780       0x2c ./USB_DEVICE/App/usbd_desc.o
                0x08007780                USBD_FS_ManufacturerStrDescriptor
 .text.USBD_FS_SerialStrDescriptor
                0x080077ac       0x28 ./USB_DEVICE/App/usbd_desc.o
                0x080077ac                USBD_FS_SerialStrDescriptor
 .text.USBD_FS_ConfigStrDescriptor
                0x080077d4       0x44 ./USB_DEVICE/App/usbd_desc.o
                0x080077d4                USBD_FS_ConfigStrDescriptor
 .text.USBD_FS_InterfaceStrDescriptor
                0x08007818       0x44 ./USB_DEVICE/App/usbd_desc.o
                0x08007818                USBD_FS_InterfaceStrDescriptor
 .text.Get_SerialNum
                0x0800785c       0x5c ./USB_DEVICE/App/usbd_desc.o
 .text.IntToUnicode
                0x080078b8       0x96 ./USB_DEVICE/App/usbd_desc.o
 *fill*         0x0800794e        0x2 
 .text.HAL_PCD_MspInit
                0x08007950       0x50 ./USB_DEVICE/Target/usbd_conf.o
                0x08007950                HAL_PCD_MspInit
 .text.HAL_PCD_SetupStageCallback
                0x080079a0       0x2a ./USB_DEVICE/Target/usbd_conf.o
                0x080079a0                HAL_PCD_SetupStageCallback
 .text.HAL_PCD_DataOutStageCallback
                0x080079ca       0x42 ./USB_DEVICE/Target/usbd_conf.o
                0x080079ca                HAL_PCD_DataOutStageCallback
 .text.HAL_PCD_DataInStageCallback
                0x08007a0c       0x3c ./USB_DEVICE/Target/usbd_conf.o
                0x08007a0c                HAL_PCD_DataInStageCallback
 .text.HAL_PCD_SOFCallback
                0x08007a48       0x1e ./USB_DEVICE/Target/usbd_conf.o
                0x08007a48                HAL_PCD_SOFCallback
 .text.HAL_PCD_ResetCallback
                0x08007a66       0x48 ./USB_DEVICE/Target/usbd_conf.o
                0x08007a66                HAL_PCD_ResetCallback
 *fill*         0x08007aae        0x2 
 .text.HAL_PCD_SuspendCallback
                0x08007ab0       0x38 ./USB_DEVICE/Target/usbd_conf.o
                0x08007ab0                HAL_PCD_SuspendCallback
 .text.HAL_PCD_ResumeCallback
                0x08007ae8       0x3c ./USB_DEVICE/Target/usbd_conf.o
                0x08007ae8                HAL_PCD_ResumeCallback
 .text.USBD_LL_Init
                0x08007b24       0xb0 ./USB_DEVICE/Target/usbd_conf.o
                0x08007b24                USBD_LL_Init
 .text.USBD_LL_Start
                0x08007bd4       0x4a ./USB_DEVICE/Target/usbd_conf.o
                0x08007bd4                USBD_LL_Start
 .text.USBD_LL_OpenEP
                0x08007c1e       0x6e ./USB_DEVICE/Target/usbd_conf.o
                0x08007c1e                USBD_LL_OpenEP
 .text.USBD_LL_CloseEP
                0x08007c8c       0x56 ./USB_DEVICE/Target/usbd_conf.o
                0x08007c8c                USBD_LL_CloseEP
 .text.USBD_LL_StallEP
                0x08007ce2       0x56 ./USB_DEVICE/Target/usbd_conf.o
                0x08007ce2                USBD_LL_StallEP
 .text.USBD_LL_ClearStallEP
                0x08007d38       0x56 ./USB_DEVICE/Target/usbd_conf.o
                0x08007d38                USBD_LL_ClearStallEP
 .text.USBD_LL_IsStallEP
                0x08007d8e       0x60 ./USB_DEVICE/Target/usbd_conf.o
                0x08007d8e                USBD_LL_IsStallEP
 .text.USBD_LL_SetUSBAddress
                0x08007dee       0x56 ./USB_DEVICE/Target/usbd_conf.o
                0x08007dee                USBD_LL_SetUSBAddress
 .text.USBD_LL_Transmit
                0x08007e44       0x6e ./USB_DEVICE/Target/usbd_conf.o
                0x08007e44                USBD_LL_Transmit
 .text.USBD_LL_PrepareReceive
                0x08007eb2       0x6e ./USB_DEVICE/Target/usbd_conf.o
                0x08007eb2                USBD_LL_PrepareReceive
 .text.USBD_static_malloc
                0x08007f20       0x18 ./USB_DEVICE/Target/usbd_conf.o
                0x08007f20                USBD_static_malloc
 .text.USBD_static_free
                0x08007f38       0x10 ./USB_DEVICE/Target/usbd_conf.o
                0x08007f38                USBD_static_free
 .text.SystemClockConfig_Resume
                0x08007f48        0xe ./USB_DEVICE/Target/usbd_conf.o
 .text.USBD_Get_USB_Status
                0x08007f56       0x6e ./USB_DEVICE/Target/usbd_conf.o
 .text.memset   0x08007fc4       0x10 /opt/stm32cubeide/plugins/com.st.stm32cube.ide.mcu.externaltools.gnu-tools-for-stm32.14.3.rel1.linux64_1.0.100.202602081740/tools/bin/../lib/gcc/arm-none-eabi/14.3.1/../../../../arm-none-eabi/lib/thumb/v6-m/nofp/libc_nano.a(libc_a-memset.o)
                0x08007fc4                memset
 .text.__libc_init_array
                0x08007fd4       0x48 /opt/stm32cubeide/plugins/com.st.stm32cube.ide.mcu.externaltools.gnu-tools-for-stm32.14.3.rel1.linux64_1.0.100.202602081740/tools/bin/../lib/gcc/arm-none-eabi/14.3.1/../../../../arm-none-eabi/lib/thumb/v6-m/nofp/libc_nano.a(libc_a-init.o)
                0x08007fd4                __libc_init_array
 *(.glue_7)
 .glue_7        0x0800801c        0x0 linker stubs
 *(.glue_7t)
 .glue_7t       0x0800801c        0x0 linker stubs
 *(.eh_frame)
 .eh_frame      0x0800801c        0x0 /opt/stm32cubeide/plugins/com.st.stm32cube.ide.mcu.externaltools.gnu-tools-for-stm32.14.3.rel1.linux64_1.0.100.202602081740/tools/bin/../lib/gcc/arm-none-eabi/14.3.1/thumb/v6-m/nofp/crtbegin.o
 *(.init)
 .init          0x0800801c        0x4 /opt/stm32cubeide/plugins/com.st.stm32cube.ide.mcu.externaltools.gnu-tools-for-stm32.14.3.rel1.linux64_1.0.100.202602081740/tools/bin/../lib/gcc/arm-none-eabi/14.3.1/thumb/v6-m/nofp/crti.o
                0x0800801c                _init
 .init          0x08008020        0x8 /opt/stm32cubeide/plugins/com.st.stm32cube.ide.mcu.externaltools.gnu-tools-for-stm32.14.3.rel1.linux64_1.0.100.202602081740/tools/bin/../lib/gcc/arm-none-eabi/14.3.1/thumb/v6-m/nofp/crtn.o
 *(.fini)
 .fini          0x08008028        0x4 /opt/stm32cubeide/plugins/com.st.stm32cube.ide.mcu.externaltools.gnu-tools-for-stm32.14.3.rel1.linux64_1.0.100.202602081740/tools/bin/../lib/gcc/arm-none-eabi/14.3.1/thumb/v6-m/nofp/crti.o
                0x08008028                _fini
 .fini          0x0800802c        0x8 /opt/stm32cubeide/plugins/com.st.stm32cube.ide.mcu.externaltools.gnu-tools-for-stm32.14.3.rel1.linux64_1.0.100.202602081740/tools/bin/../lib/gcc/arm-none-eabi/14.3.1/thumb/v6-m/nofp/crtn.o
                0x08008034                        . = ALIGN (0x4)
                0x08008034                        _etext = .

.vfp11_veneer   0x08008034        0x0
 .vfp11_veneer  0x08008034        0x0 linker stubs

.v4_bx          0x08008034        0x0
 .v4_bx         0x08008034        0x0 linker stubs

.iplt           0x08008034        0x0
 .iplt          0x08008034        0x0 /opt/stm32cubeide/plugins/com.st.stm32cube.ide.mcu.externaltools.gnu-tools-for-stm32.14.3.rel1.linux64_1.0.100.202602081740/tools/bin/../lib/gcc/arm-none-eabi/14.3.1/thumb/v6-m/nofp/crtbegin.o

.rodata         0x08008034      0x114
                0x08008034                        . = ALIGN (0x4)
 *(.rodata)
 .rodata        0x08008034       0x54 ./USB_DEVICE/App/usbd_desc.o
 *(.rodata*)
 .rodata.AHBPrescTable
                0x08008088       0x10 ./Core/Src/system_stm32f0xx.o
                0x08008088                AHBPrescTable
 .rodata.aPLLMULFactorTable.1
                0x08008098       0x10 ./Drivers/STM32F0xx_HAL_Driver/Src/stm32f0xx_hal_rcc.o
 .rodata.aPredivFactorTable.0
                0x080080a8       0x10 ./Drivers/STM32F0xx_HAL_Driver/Src/stm32f0xx_hal_rcc.o
 .rodata.USBD_CUSTOM_HID_Setup
                0x080080b8       0x30 ./Middlewares/ST/STM32_USB_Device_Library/Class/CustomHID/Src/usbd_customhid.o
 .rodata.USBD_StdDevReq
                0x080080e8       0x28 ./Middlewares/ST/STM32_USB_Device_Library/Core/Src/usbd_ctlreq.o
 .rodata.USBD_GetDescriptor
                0x08008110       0x38 ./Middlewares/ST/STM32_USB_Device_Library/Core/Src/usbd_ctlreq.o
                0x08008148                        . = ALIGN (0x4)

.ARM.extab      0x08008148        0x0
                0x08008148                        . = ALIGN (0x4)
 *(.ARM.extab* .gnu.linkonce.armextab.*)
                0x08008148                        . = ALIGN (0x4)

.ARM            0x08008148        0x0
                0x08008148                        . = ALIGN (0x4)
                0x08008148                        __exidx_start = .
 *(.ARM.exidx*)
                0x08008148                        __exidx_end = .
                0x08008148                        . = ALIGN (0x4)

.preinit_array  0x08008148        0x0
                0x08008148                        . = ALIGN (0x4)
                0x08008148                        PROVIDE (__preinit_array_start = .)
 *(.preinit_array*)
                0x08008148                        PROVIDE (__preinit_array_end = .)
                0x08008148                        . = ALIGN (0x4)

.init_array     0x08008148        0x4
                0x08008148                        . = ALIGN (0x4)
                0x08008148                        PROVIDE (__init_array_start = .)
 *(SORT_BY_NAME(.init_array.*))
 *(.init_array*)
 .init_array    0x08008148        0x4 /opt/stm32cubeide/plugins/com.st.stm32cube.ide.mcu.externaltools.gnu-tools-for-stm32.14.3.rel1.linux64_1.0.100.202602081740/tools/bin/../lib/gcc/arm-none-eabi/14.3.1/thumb/v6-m/nofp/crtbegin.o
                0x0800814c                        PROVIDE (__init_array_end = .)
                0x0800814c                        . = ALIGN (0x4)

.fini_array     0x0800814c        0x4
                0x0800814c                        . = ALIGN (0x4)
                [!provide]                        PROVIDE (__fini_array_start = .)
 *(SORT_BY_NAME(.fini_array.*))
 *(.fini_array*)
 .fini_array    0x0800814c        0x4 /opt/stm32cubeide/plugins/com.st.stm32cube.ide.mcu.externaltools.gnu-tools-for-stm32.14.3.rel1.linux64_1.0.100.202602081740/tools/bin/../lib/gcc/arm-none-eabi/14.3.1/thumb/v6-m/nofp/crtbegin.o
                [!provide]                        PROVIDE (__fini_array_end = .)
                0x08008150                        . = ALIGN (0x4)
                0x08008150                        _sidata = LOADADDR (.data)

.rel.dyn        0x08008150        0x0
 .rel.iplt      0x08008150        0x0 /opt/stm32cubeide/plugins/com.st.stm32cube.ide.mcu.externaltools.gnu-tools-for-stm32.14.3.rel1.linux64_1.0.100.202602081740/tools/bin/../lib/gcc/arm-none-eabi/14.3.1/thumb/v6-m/nofp/crtbegin.o

.data           0x20000000      0x1a0 load address 0x08008150
                0x20000000                        . = ALIGN (0x4)
                0x20000000                        _sdata = .
 *(.data)
 *(.data*)
 .data.SystemCoreClock
                0x20000000        0x4 ./Core/Src/system_stm32f0xx.o
                0x20000000                SystemCoreClock
 .data.uwTickPrio
                0x20000004        0x4 ./Drivers/STM32F0xx_HAL_Driver/Src/stm32f0xx_hal.o
                0x20000004                uwTickPrio
 .data.uwTickFreq
                0x20000008        0x1 ./Drivers/STM32F0xx_HAL_Driver/Src/stm32f0xx_hal.o
                0x20000008                uwTickFreq
 *fill*         0x20000009        0x3 
 .data.USBD_CUSTOM_HID
                0x2000000c       0x38 ./Middlewares/ST/STM32_USB_Device_Library/Class/CustomHID/Src/usbd_customhid.o
                0x2000000c                USBD_CUSTOM_HID
 .data.USBD_CUSTOM_HID_CfgFSDesc
                0x20000044       0x29 ./Middlewares/ST/STM32_USB_Device_Library/Class/CustomHID/Src/usbd_customhid.o
 *fill*         0x2000006d        0x3 
 .data.USBD_CUSTOM_HID_CfgHSDesc
                0x20000070       0x29 ./Middlewares/ST/STM32_USB_Device_Library/Class/CustomHID/Src/usbd_customhid.o
 *fill*         0x20000099        0x3 
 .data.USBD_CUSTOM_HID_OtherSpeedCfgDesc
                0x2000009c       0x29 ./Middlewares/ST/STM32_USB_Device_Library/Class/CustomHID/Src/usbd_customhid.o
 *fill*         0x200000c5        0x3 
 .data.USBD_CUSTOM_HID_Desc
                0x200000c8        0x9 ./Middlewares/ST/STM32_USB_Device_Library/Class/CustomHID/Src/usbd_customhid.o
 *fill*         0x200000d1        0x3 
 .data.USBD_CUSTOM_HID_DeviceQualifierDesc
                0x200000d4        0xa ./Middlewares/ST/STM32_USB_Device_Library/Class/CustomHID/Src/usbd_customhid.o
 *fill*         0x200000de        0x2 
 .data.CUSTOM_HID_ReportDesc_FS
                0x200000e0       0x60 ./USB_DEVICE/App/usbd_custom_hid_if.o
 .data.USBD_CustomHID_fops_FS
                0x20000140       0x10 ./USB_DEVICE/App/usbd_custom_hid_if.o
                0x20000140                USBD_CustomHID_fops_FS
 .data.FS_Desc  0x20000150       0x1c ./USB_DEVICE/App/usbd_desc.o
                0x20000150                FS_Desc
 .data.USBD_FS_DeviceDesc
                0x2000016c       0x12 ./USB_DEVICE/App/usbd_desc.o
                0x2000016c                USBD_FS_DeviceDesc
 *fill*         0x2000017e        0x2 
 .data.USBD_LangIDDesc
                0x20000180        0x4 ./USB_DEVICE/App/usbd_desc.o
                0x20000180                USBD_LangIDDesc
 .data.USBD_StringSerial
                0x20000184       0x1a ./USB_DEVICE/App/usbd_desc.o
                0x20000184                USBD_StringSerial
 *(.RamFunc)
 *(.RamFunc*)
                0x200001a0                        . = ALIGN (0x4)
 *fill*         0x2000019e        0x2 
                0x200001a0                        _edata = .

.igot.plt       0x200001a0        0x0 load address 0x080082f0
 .igot.plt      0x200001a0        0x0 /opt/stm32cubeide/plugins/com.st.stm32cube.ide.mcu.externaltools.gnu-tools-for-stm32.14.3.rel1.linux64_1.0.100.202602081740/tools/bin/../lib/gcc/arm-none-eabi/14.3.1/thumb/v6-m/nofp/crtbegin.o
                0x200001a0                        . = ALIGN (0x4)

.bss            0x200001a0      0x824 load address 0x080082f0
                0x200001a0                        _sbss = .
                0x200001a0                        __bss_start__ = _sbss
 *(.bss)
 .bss           0x200001a0       0x1c /opt/stm32cubeide/plugins/com.st.stm32cube.ide.mcu.externaltools.gnu-tools-for-stm32.14.3.rel1.linux64_1.0.100.202602081740/tools/bin/../lib/gcc/arm-none-eabi/14.3.1/thumb/v6-m/nofp/crtbegin.o
 *(.bss*)
 .bss.hadc      0x200001bc       0x40 ./Core/Src/main.o
                0x200001bc                hadc
 .bss.uwTick    0x200001fc        0x4 ./Drivers/STM32F0xx_HAL_Driver/Src/stm32f0xx_hal.o
                0x200001fc                uwTick
 .bss.cfgidx.0  0x20000200        0x1 ./Middlewares/ST/STM32_USB_Device_Library/Core/Src/usbd_ctlreq.o
 *fill*         0x20000201        0x3 
 .bss.hUsbDeviceFS
                0x20000204      0x2c4 ./USB_DEVICE/App/usb_device.o
                0x20000204                hUsbDeviceFS
 .bss.USBD_StrDesc
                0x200004c8      0x200 ./USB_DEVICE/App/usbd_desc.o
                0x200004c8                USBD_StrDesc
 .bss.hpcd_USB_FS
                0x200006c8      0x2dc ./USB_DEVICE/Target/usbd_conf.o
                0x200006c8                hpcd_USB_FS
 .bss.mem.0     0x200009a4       0x20 ./USB_DEVICE/Target/usbd_conf.o
 *(COMMON)
                0x200009c4                        . = ALIGN (0x4)
                0x200009c4                        _ebss = .
                0x200009c4                        __bss_end__ = _ebss

._user_heap_stack
                0x200009c4      0x604 load address 0x080082f0
                0x200009c8                        . = ALIGN (0x8)
 *fill*         0x200009c4        0x4 
                [!provide]                        PROVIDE (end = .)
                0x200009c8                        PROVIDE (_end = .)
                0x20000bc8                        . = (. + _Min_Heap_Size)
 *fill*         0x200009c8      0x200 
                0x20000fc8                        . = (. + _Min_Stack_Size)
 *fill*         0x20000bc8      0x400 
                0x20000fc8                        . = ALIGN (0x8)

/DISCARD/
 libc.a(*)
 libm.a(*)
 libgcc.a(*)

.ARM.attributes
                0x00000000       0x28
 *(.ARM.attributes)
 .ARM.attributes
                0x00000000       0x1e /opt/stm32cubeide/plugins/com.st.stm32cube.ide.mcu.externaltools.gnu-tools-for-stm32.14.3.rel1.linux64_1.0.100.202602081740/tools/bin/../lib/gcc/arm-none-eabi/14.3.1/thumb/v6-m/nofp/crti.o
 .ARM.attributes
                0x0000001e       0x2c /opt/stm32cubeide/plugins/com.st.stm32cube.ide.mcu.externaltools.gnu-tools-for-stm32.14.3.rel1.linux64_1.0.100.202602081740/tools/bin/../lib/gcc/arm-none-eabi/14.3.1/thumb/v6-m/nofp/crtbegin.o
 .ARM.attributes
                0x0000004a       0x2c ./Core/Src/main.o
 .ARM.attributes
                0x00000076       0x2c ./Core/Src/stm32f0xx_hal_msp.o
 .ARM.attributes
                0x000000a2       0x2c ./Core/Src/stm32f0xx_it.o
 .ARM.attributes
                0x000000ce       0x2c ./Core/Src/system_stm32f0xx.o
 .ARM.attributes
                0x000000fa       0x21 ./Core/Startup/startup_stm32f072rbtx.o
 .ARM.attributes
                0x0000011b       0x2c ./Drivers/STM32F0xx_HAL_Driver/Src/stm32f0xx_hal.o
 .ARM.attributes
                0x00000147       0x2c ./Drivers/STM32F0xx_HAL_Driver/Src/stm32f0xx_hal_adc.o
 .ARM.attributes
                0x00000173       0x2c ./Drivers/STM32F0xx_HAL_Driver/Src/stm32f0xx_hal_cortex.o
 .ARM.attributes
                0x0000019f       0x2c ./Drivers/STM32F0xx_HAL_Driver/Src/stm32f0xx_hal_gpio.o
 .ARM.attributes
                0x000001cb       0x2c ./Drivers/STM32F0xx_HAL_Driver/Src/stm32f0xx_hal_pcd.o
 .ARM.attributes
                0x000001f7       0x2c ./Drivers/STM32F0xx_HAL_Driver/Src/stm32f0xx_hal_pcd_ex.o
 .ARM.attributes
                0x00000223       0x2c ./Drivers/STM32F0xx_HAL_Driver/Src/stm32f0xx_hal_rcc.o
 .ARM.attributes
                0x0000024f       0x2c ./Drivers/STM32F0xx_HAL_Driver/Src/stm32f0xx_hal_rcc_ex.o
 .ARM.attributes
                0x0000027b       0x2c ./Drivers/STM32F0xx_HAL_Driver/Src/stm32f0xx_ll_usb.o
 .ARM.attributes
                0x000002a7       0x2c ./Middlewares/ST/STM32_USB_Device_Library/Class/CustomHID/Src/usbd_customhid.o
 .ARM.attributes
                0x000002d3       0x2c ./Middlewares/ST/STM32_USB_Device_Library/Core/Src/usbd_core.o
 .ARM.attributes
                0x000002ff       0x2c ./Middlewares/ST/STM32_USB_Device_Library/Core/Src/usbd_ctlreq.o
 .ARM.attributes
                0x0000032b       0x2c ./Middlewares/ST/STM32_USB_Device_Library/Core/Src/usbd_ioreq.o
 .ARM.attributes
                0x00000357       0x2c ./USB_DEVICE/App/usb_device.o
 .ARM.attributes
                0x00000383       0x2c ./USB_DEVICE/App/usbd_custom_hid_if.o
 .ARM.attributes
                0x000003af       0x2c ./USB_DEVICE/App/usbd_desc.o
 .ARM.attributes
                0x000003db       0x2c ./USB_DEVICE/Target/usbd_conf.o
 .ARM.attributes
                0x00000407       0x2c /opt/stm32cubeide/plugins/com.st.stm32cube.ide.mcu.externaltools.gnu-tools-for-stm32.14.3.rel1.linux64_1.0.100.202602081740/tools/bin/../lib/gcc/arm-none-eabi/14.3.1/../../../../arm-none-eabi/lib/thumb/v6-m/nofp/libc_nano.a(libc_a-memset.o)
 .ARM.attributes
                0x00000433       0x2c /opt/stm32cubeide/plugins/com.st.stm32cube.ide.mcu.externaltools.gnu-tools-for-stm32.14.3.rel1.linux64_1.0.100.202602081740/tools/bin/../lib/gcc/arm-none-eabi/14.3.1/../../../../arm-none-eabi/lib/thumb/v6-m/nofp/libc_nano.a(libc_a-init.o)
 .ARM.attributes
                0x0000045f       0x1e /opt/stm32cubeide/plugins/com.st.stm32cube.ide.mcu.externaltools.gnu-tools-for-stm32.14.3.rel1.linux64_1.0.100.202602081740/tools/bin/../lib/gcc/arm-none-eabi/14.3.1/thumb/v6-m/nofp/libgcc.a(_udivsi3.o)
 .ARM.attributes
                0x0000047d       0x1e /opt/stm32cubeide/plugins/com.st.stm32cube.ide.mcu.externaltools.gnu-tools-for-stm32.14.3.rel1.linux64_1.0.100.202602081740/tools/bin/../lib/gcc/arm-none-eabi/14.3.1/thumb/v6-m/nofp/libgcc.a(_dvmd_tls.o)
 .ARM.attributes
                0x0000049b       0x1e /opt/stm32cubeide/plugins/com.st.stm32cube.ide.mcu.externaltools.gnu-tools-for-stm32.14.3.rel1.linux64_1.0.100.202602081740/tools/bin/../lib/gcc/arm-none-eabi/14.3.1/thumb/v6-m/nofp/crtn.o
OUTPUT(ChatMix V.2 Test.elf elf32-littlearm)
LOAD linker stubs
LOAD /opt/stm32cubeide/plugins/com.st.stm32cube.ide.mcu.externaltools.gnu-tools-for-stm32.14.3.rel1.linux64_1.0.100.202602081740/tools/bin/../lib/gcc/arm-none-eabi/14.3.1/../../../../arm-none-eabi/lib/thumb/v6-m/nofp/libc.a
LOAD /opt/stm32cubeide/plugins/com.st.stm32cube.ide.mcu.externaltools.gnu-tools-for-stm32.14.3.rel1.linux64_1.0.100.202602081740/tools/bin/../lib/gcc/arm-none-eabi/14.3.1/../../../../arm-none-eabi/lib/thumb/v6-m/nofp/libm.a
LOAD /opt/stm32cubeide/plugins/com.st.stm32cube.ide.mcu.externaltools.gnu-tools-for-stm32.14.3.rel1.linux64_1.0.100.202602081740/tools/bin/../lib/gcc/arm-none-eabi/14.3.1/thumb/v6-m/nofp/libgcc.a

.debug_info     0x00000000     0xcd96
 .debug_info    0x00000000      0xcfd ./Core/Src/main.o
 .debug_info    0x00000cfd      0x8d7 ./Core/Src/stm32f0xx_hal_msp.o
 .debug_info    0x000015d4      0xa55 ./Core/Src/stm32f0xx_it.o
 .debug_info    0x00002029      0x242 ./Core/Src/system_stm32f0xx.o
 .debug_info    0x0000226b       0x30 ./Core/Startup/startup_stm32f072rbtx.o
 .debug_info    0x0000229b      0x6c9 ./Drivers/STM32F0xx_HAL_Driver/Src/stm32f0xx_hal.o
 .debug_info    0x00002964      0xc6a ./Drivers/STM32F0xx_HAL_Driver/Src/stm32f0xx_hal_adc.o
 .debug_info    0x000035ce      0x6c5 ./Drivers/STM32F0xx_HAL_Driver/Src/stm32f0xx_hal_cortex.o
 .debug_info    0x00003c93      0x5a6 ./Drivers/STM32F0xx_HAL_Driver/Src/stm32f0xx_hal_gpio.o
 .debug_info    0x00004239     0x161d ./Drivers/STM32F0xx_HAL_Driver/Src/stm32f0xx_hal_pcd.o
 .debug_info    0x00005856      0x80a ./Drivers/STM32F0xx_HAL_Driver/Src/stm32f0xx_hal_pcd_ex.o
 .debug_info    0x00006060      0x83f ./Drivers/STM32F0xx_HAL_Driver/Src/stm32f0xx_hal_rcc.o
 .debug_info    0x0000689f      0x61c ./Drivers/STM32F0xx_HAL_Driver/Src/stm32f0xx_hal_rcc_ex.o
 .debug_info    0x00006ebb     0x166d ./Drivers/STM32F0xx_HAL_Driver/Src/stm32f0xx_ll_usb.o
 .debug_info    0x00008528      0xab5 ./Middlewares/ST/STM32_USB_Device_Library/Class/CustomHID/Src/usbd_customhid.o
 .debug_info    0x00008fdd      0xa52 ./Middlewares/ST/STM32_USB_Device_Library/Core/Src/usbd_core.o
 .debug_info    0x00009a2f      0x91c ./Middlewares/ST/STM32_USB_Device_Library/Core/Src/usbd_ctlreq.o
 .debug_info    0x0000a34b      0x6a0 ./Middlewares/ST/STM32_USB_Device_Library/Core/Src/usbd_ioreq.o
 .debug_info    0x0000a9eb      0x61a ./USB_DEVICE/App/usb_device.o
 .debug_info    0x0000b005      0x1de ./USB_DEVICE/App/usbd_custom_hid_if.o
 .debug_info    0x0000b1e3      0x44a ./USB_DEVICE/App/usbd_desc.o
 .debug_info    0x0000b62d     0x1769 ./USB_DEVICE/Target/usbd_conf.o

.debug_abbrev   0x00000000     0x2bdf
 .debug_abbrev  0x00000000      0x255 ./Core/Src/main.o
 .debug_abbrev  0x00000255      0x1c4 ./Core/Src/stm32f0xx_hal_msp.o
 .debug_abbrev  0x00000419      0x1b4 ./Core/Src/stm32f0xx_it.o
 .debug_abbrev  0x000005cd      0x11c ./Core/Src/system_stm32f0xx.o
 .debug_abbrev  0x000006e9       0x24 ./Core/Startup/startup_stm32f072rbtx.o
 .debug_abbrev  0x0000070d      0x213 ./Drivers/STM32F0xx_HAL_Driver/Src/stm32f0xx_hal.o
 .debug_abbrev  0x00000920      0x259 ./Drivers/STM32F0xx_HAL_Driver/Src/stm32f0xx_hal_adc.o
 .debug_abbrev  0x00000b79      0x28c ./Drivers/STM32F0xx_HAL_Driver/Src/stm32f0xx_hal_cortex.o
 .debug_abbrev  0x00000e05      0x1cb ./Drivers/STM32F0xx_HAL_Driver/Src/stm32f0xx_hal_gpio.o
 .debug_abbrev  0x00000fd0      0x2b9 ./Drivers/STM32F0xx_HAL_Driver/Src/stm32f0xx_hal_pcd.o
 .debug_abbrev  0x00001289      0x228 ./Drivers/STM32F0xx_HAL_Driver/Src/stm32f0xx_hal_pcd_ex.o
 .debug_abbrev  0x000014b1      0x28c ./Drivers/STM32F0xx_HAL_Driver/Src/stm32f0xx_hal_rcc.o
 .debug_abbrev  0x0000173d      0x1a6 ./Drivers/STM32F0xx_HAL_Driver/Src/stm32f0xx_hal_rcc_ex.o
 .debug_abbrev  0x000018e3      0x247 ./Drivers/STM32F0xx_HAL_Driver/Src/stm32f0xx_ll_usb.o
 .debug_abbrev  0x00001b2a      0x272 ./Middlewares/ST/STM32_USB_Device_Library/Class/CustomHID/Src/usbd_customhid.o
 .debug_abbrev  0x00001d9c      0x24a ./Middlewares/ST/STM32_USB_Device_Library/Core/Src/usbd_core.o
 .debug_abbrev  0x00001fe6      0x26b ./Middlewares/ST/STM32_USB_Device_Library/Core/Src/usbd_ctlreq.o
 .debug_abbrev  0x00002251      0x192 ./Middlewares/ST/STM32_USB_Device_Library/Core/Src/usbd_ioreq.o
 .debug_abbrev  0x000023e3      0x18d ./USB_DEVICE/App/usb_device.o
 .debug_abbrev  0x00002570      0x12f ./USB_DEVICE/App/usbd_custom_hid_if.o
 .debug_abbrev  0x0000269f      0x1ff ./USB_DEVICE/App/usbd_desc.o
 .debug_abbrev  0x0000289e      0x341 ./USB_DEVICE/Target/usbd_conf.o

.debug_aranges  0x00000000      0xb18
 .debug_aranges
                0x00000000       0x40 ./Core/Src/main.o
 .debug_aranges
                0x00000040       0x30 ./Core/Src/stm32f0xx_hal_msp.o
 .debug_aranges
                0x00000070       0x58 ./Core/Src/stm32f0xx_it.o
 .debug_aranges
                0x000000c8       0x28 ./Core/Src/system_stm32f0xx.o
 .debug_aranges
                0x000000f0       0x28 ./Core/Startup/startup_stm32f072rbtx.o
 .debug_aranges
                0x00000118       0xd0 ./Drivers/STM32F0xx_HAL_Driver/Src/stm32f0xx_hal.o
 .debug_aranges
                0x000001e8       0xf8 ./Drivers/STM32F0xx_HAL_Driver/Src/stm32f0xx_hal_adc.o
 .debug_aranges
                0x000002e0       0xc0 ./Drivers/STM32F0xx_HAL_Driver/Src/stm32f0xx_hal_cortex.o
 .debug_aranges
                0x000003a0       0x58 ./Drivers/STM32F0xx_HAL_Driver/Src/stm32f0xx_hal_gpio.o
 .debug_aranges
                0x000003f8      0x138 ./Drivers/STM32F0xx_HAL_Driver/Src/stm32f0xx_hal_pcd.o
 .debug_aranges
                0x00000530       0x58 ./Drivers/STM32F0xx_HAL_Driver/Src/stm32f0xx_hal_pcd_ex.o
 .debug_aranges
                0x00000588       0x80 ./Drivers/STM32F0xx_HAL_Driver/Src/stm32f0xx_hal_rcc.o
 .debug_aranges
                0x00000608       0x78 ./Drivers/STM32F0xx_HAL_Driver/Src/stm32f0xx_hal_rcc_ex.o
 .debug_aranges
                0x00000680       0xc8 ./Drivers/STM32F0xx_HAL_Driver/Src/stm32f0xx_ll_usb.o
 .debug_aranges
                0x00000748       0x78 ./Middlewares/ST/STM32_USB_Device_Library/Class/CustomHID/Src/usbd_customhid.o
 .debug_aranges
                0x000007c0       0xb8 ./Middlewares/ST/STM32_USB_Device_Library/Core/Src/usbd_core.o
 .debug_aranges
                0x00000878       0x88 ./Middlewares/ST/STM32_USB_Device_Library/Core/Src/usbd_ctlreq.o
 .debug_aranges
                0x00000900       0x50 ./Middlewares/ST/STM32_USB_Device_Library/Core/Src/usbd_ioreq.o
 .debug_aranges
                0x00000950       0x20 ./USB_DEVICE/App/usb_device.o
 .debug_aranges
                0x00000970       0x30 ./USB_DEVICE/App/usbd_custom_hid_if.o
 .debug_aranges
                0x000009a0       0x60 ./USB_DEVICE/App/usbd_desc.o
 .debug_aranges
                0x00000a00      0x118 ./USB_DEVICE/Target/usbd_conf.o

.debug_rnglists
                0x00000000      0x82b
 .debug_rnglists
                0x00000000       0x2e ./Core/Src/main.o
 .debug_rnglists
                0x0000002e       0x20 ./Core/Src/stm32f0xx_hal_msp.o
 .debug_rnglists
                0x0000004e       0x3d ./Core/Src/stm32f0xx_it.o
 .debug_rnglists
                0x0000008b       0x1a ./Core/Src/system_stm32f0xx.o
 .debug_rnglists
                0x000000a5       0x19 ./Core/Startup/startup_stm32f072rbtx.o
 .debug_rnglists
                0x000000be       0x97 ./Drivers/STM32F0xx_HAL_Driver/Src/stm32f0xx_hal.o
 .debug_rnglists
                0x00000155       0xc6 ./Drivers/STM32F0xx_HAL_Driver/Src/stm32f0xx_hal_adc.o
 .debug_rnglists
                0x0000021b       0x8c ./Drivers/STM32F0xx_HAL_Driver/Src/stm32f0xx_hal_cortex.o
 .debug_rnglists
                0x000002a7       0x3f ./Drivers/STM32F0xx_HAL_Driver/Src/stm32f0xx_hal_gpio.o
 .debug_rnglists
                0x000002e6       0xee ./Drivers/STM32F0xx_HAL_Driver/Src/stm32f0xx_hal_pcd.o
 .debug_rnglists
                0x000003d4       0x3f ./Drivers/STM32F0xx_HAL_Driver/Src/stm32f0xx_hal_pcd_ex.o
 .debug_rnglists
                0x00000413       0x61 ./Drivers/STM32F0xx_HAL_Driver/Src/stm32f0xx_hal_rcc.o
 .debug_rnglists
                0x00000474       0x5b ./Drivers/STM32F0xx_HAL_Driver/Src/stm32f0xx_hal_rcc_ex.o
 .debug_rnglists
                0x000004cf       0x99 ./Drivers/STM32F0xx_HAL_Driver/Src/stm32f0xx_ll_usb.o
 .debug_rnglists
                0x00000568       0x57 ./Middlewares/ST/STM32_USB_Device_Library/Class/CustomHID/Src/usbd_customhid.o
 .debug_rnglists
                0x000005bf       0x89 ./Middlewares/ST/STM32_USB_Device_Library/Core/Src/usbd_core.o
 .debug_rnglists
                0x00000648       0x68 ./Middlewares/ST/STM32_USB_Device_Library/Core/Src/usbd_ctlreq.o
 .debug_rnglists
                0x000006b0       0x37 ./Middlewares/ST/STM32_USB_Device_Library/Core/Src/usbd_ioreq.o
 .debug_rnglists
                0x000006e7       0x13 ./USB_DEVICE/App/usb_device.o
 .debug_rnglists
                0x000006fa       0x1f ./USB_DEVICE/App/usbd_custom_hid_if.o
 .debug_rnglists
                0x00000719       0x44 ./USB_DEVICE/App/usbd_desc.o
 .debug_rnglists
                0x0000075d       0xce ./USB_DEVICE/Target/usbd_conf.o

.debug_macro    0x00000000    0x1b78b
 .debug_macro   0x00000000      0x345 ./Core/Src/main.o
 .debug_macro   0x00000345      0xaae ./Core/Src/main.o
 .debug_macro   0x00000df3      0x133 ./Core/Src/main.o
 .debug_macro   0x00000f26       0x2e ./Core/Src/main.o
 .debug_macro   0x00000f54       0x22 ./Core/Src/main.o
 .debug_macro   0x00000f76       0x22 ./Core/Src/main.o
 .debug_macro   0x00000f98       0x8e ./Core/Src/main.o
 .debug_macro   0x00001026       0x51 ./Core/Src/main.o
 .debug_macro   0x00001077      0x103 ./Core/Src/main.o
 .debug_macro   0x0000117a       0x6a ./Core/Src/main.o
 .debug_macro   0x000011e4      0x1df ./Core/Src/main.o
 .debug_macro   0x000013c3       0x1c ./Core/Src/main.o
 .debug_macro   0x000013df       0x22 ./Core/Src/main.o
 .debug_macro   0x00001401       0xaf ./Core/Src/main.o
 .debug_macro   0x000014b0      0x391 ./Core/Src/main.o
 .debug_macro   0x00001841     0xfe73 ./Core/Src/main.o
 .debug_macro   0x000116b4       0x66 ./Core/Src/main.o
 .debug_macro   0x0001171a     0x34da ./Core/Src/main.o
 .debug_macro   0x00014bf4      0x190 ./Core/Src/main.o
 .debug_macro   0x00014d84       0x55 ./Core/Src/main.o
 .debug_macro   0x00014dd9      0x946 ./Core/Src/main.o
 .debug_macro   0x0001571f      0x5f3 ./Core/Src/main.o
 .debug_macro   0x00015d12      0x1ae ./Core/Src/main.o
 .debug_macro   0x00015ec0      0x1a7 ./Core/Src/main.o
 .debug_macro   0x00016067      0x1a7 ./Core/Src/main.o
 .debug_macro   0x0001620e      0x22c ./Core/Src/main.o
 .debug_macro   0x0001643a       0x34 ./Core/Src/main.o
 .debug_macro   0x0001646e       0x43 ./Core/Src/main.o
 .debug_macro   0x000164b1       0x28 ./Core/Src/main.o
 .debug_macro   0x000164d9      0x33d ./Core/Src/main.o
 .debug_macro   0x00016816       0xd4 ./Core/Src/main.o
 .debug_macro   0x000168ea       0xb0 ./Core/Src/main.o
 .debug_macro   0x0001699a      0x217 ./Core/Src/main.o
 .debug_macro   0x00016bb1      0x22c ./Core/Src/main.o
 .debug_macro   0x00016ddd       0x61 ./Core/Src/main.o
 .debug_macro   0x00016e3e       0xa5 ./Core/Src/main.o
 .debug_macro   0x00016ee3       0x73 ./Core/Src/main.o
 .debug_macro   0x00016f56      0x22d ./Core/Src/main.o
 .debug_macro   0x00017183       0x4c ./Core/Src/main.o
 .debug_macro   0x000171cf      0x16d ./Core/Src/main.o
 .debug_macro   0x0001733c      0x130 ./Core/Src/main.o
 .debug_macro   0x0001746c       0x40 ./Core/Src/main.o
 .debug_macro   0x000174ac       0x61 ./Core/Src/main.o
 .debug_macro   0x0001750d       0x24 ./Core/Src/main.o
 .debug_macro   0x00017531       0x43 ./Core/Src/main.o
 .debug_macro   0x00017574       0x34 ./Core/Src/main.o
 .debug_macro   0x000175a8       0x16 ./Core/Src/main.o
 .debug_macro   0x000175be       0x3c ./Core/Src/main.o
 .debug_macro   0x000175fa      0x364 ./Core/Src/main.o
 .debug_macro   0x0001795e       0x10 ./Core/Src/main.o
 .debug_macro   0x0001796e       0x16 ./Core/Src/main.o
 .debug_macro   0x00017984       0x4a ./Core/Src/main.o
 .debug_macro   0x000179ce       0x34 ./Core/Src/main.o
 .debug_macro   0x00017a02       0x10 ./Core/Src/main.o
 .debug_macro   0x00017a12       0x58 ./Core/Src/main.o
 .debug_macro   0x00017a6a       0x8e ./Core/Src/main.o
 .debug_macro   0x00017af8       0x1c ./Core/Src/main.o
 .debug_macro   0x00017b14      0x17e ./Core/Src/main.o
 .debug_macro   0x00017c92       0x16 ./Core/Src/main.o
 .debug_macro   0x00017ca8       0x16 ./Core/Src/main.o
 .debug_macro   0x00017cbe      0x146 ./Core/Src/main.o
 .debug_macro   0x00017e04       0x16 ./Core/Src/main.o
 .debug_macro   0x00017e1a       0x16 ./Core/Src/main.o
 .debug_macro   0x00017e30       0x29 ./Core/Src/main.o
 .debug_macro   0x00017e59       0x16 ./Core/Src/main.o
 .debug_macro   0x00017e6f       0x20 ./Core/Src/main.o
 .debug_macro   0x00017e8f       0x6b ./Core/Src/main.o
 .debug_macro   0x00017efa      0x1c8 ./Core/Src/main.o
 .debug_macro   0x000180c2      0x1e1 ./Core/Src/stm32f0xx_hal_msp.o
 .debug_macro   0x000182a3      0x1eb ./Core/Src/stm32f0xx_it.o
 .debug_macro   0x0001848e      0x1d2 ./Core/Src/system_stm32f0xx.o
 .debug_macro   0x00018660      0x1f6 ./Drivers/STM32F0xx_HAL_Driver/Src/stm32f0xx_hal.o
 .debug_macro   0x00018856      0x1f6 ./Drivers/STM32F0xx_HAL_Driver/Src/stm32f0xx_hal_adc.o
 .debug_macro   0x00018a4c      0x1d2 ./Drivers/STM32F0xx_HAL_Driver/Src/stm32f0xx_hal_cortex.o
 .debug_macro   0x00018c1e      0x1d9 ./Drivers/STM32F0xx_HAL_Driver/Src/stm32f0xx_hal_gpio.o
 .debug_macro   0x00018df7      0x1de ./Drivers/STM32F0xx_HAL_Driver/Src/stm32f0xx_hal_pcd.o
 .debug_macro   0x00018fd5      0x1d2 ./Drivers/STM32F0xx_HAL_Driver/Src/stm32f0xx_hal_pcd_ex.o
 .debug_macro   0x000191a7      0x1e4 ./Drivers/STM32F0xx_HAL_Driver/Src/stm32f0xx_hal_rcc.o
 .debug_macro   0x0001938b      0x1e4 ./Drivers/STM32F0xx_HAL_Driver/Src/stm32f0xx_hal_rcc_ex.o
 .debug_macro   0x0001956f      0x1d2 ./Drivers/STM32F0xx_HAL_Driver/Src/stm32f0xx_ll_usb.o
 .debug_macro   0x00019741      0x370 ./Middlewares/ST/STM32_USB_Device_Library/Class/CustomHID/Src/usbd_customhid.o
 .debug_macro   0x00019ab1       0x9e ./Middlewares/ST/STM32_USB_Device_Library/Class/CustomHID/Src/usbd_customhid.o
 .debug_macro   0x00019b4f      0x112 ./Middlewares/ST/STM32_USB_Device_Library/Class/CustomHID/Src/usbd_customhid.o
 .debug_macro   0x00019c61       0x4f ./Middlewares/ST/STM32_USB_Device_Library/Class/CustomHID/Src/usbd_customhid.o
 .debug_macro   0x00019cb0       0x65 ./Middlewares/ST/STM32_USB_Device_Library/Class/CustomHID/Src/usbd_customhid.o
 .debug_macro   0x00019d15      0x357 ./Middlewares/ST/STM32_USB_Device_Library/Core/Src/usbd_core.o
 .debug_macro   0x0001a06c      0x1ce ./Middlewares/ST/STM32_USB_Device_Library/Core/Src/usbd_core.o
 .debug_macro   0x0001a23a      0x361 ./Middlewares/ST/STM32_USB_Device_Library/Core/Src/usbd_ctlreq.o
 .debug_macro   0x0001a59b      0x35d ./Middlewares/ST/STM32_USB_Device_Library/Core/Src/usbd_ioreq.o
 .debug_macro   0x0001a8f8      0x391 ./USB_DEVICE/App/usb_device.o
 .debug_macro   0x0001ac89       0x46 ./USB_DEVICE/App/usb_device.o
 .debug_macro   0x0001accf       0x22 ./USB_DEVICE/App/usb_device.o
 .debug_macro   0x0001acf1      0x376 ./USB_DEVICE/App/usbd_custom_hid_if.o
 .debug_macro   0x0001b067      0x394 ./USB_DEVICE/App/usbd_desc.o
 .debug_macro   0x0001b3fb       0x1c ./USB_DEVICE/App/usbd_desc.o
 .debug_macro   0x0001b417      0x374 ./USB_DEVICE/Target/usbd_conf.o

.debug_line     0x00000000     0xeeff
 .debug_line    0x00000000      0x9fc ./Core/Src/main.o
 .debug_line    0x000009fc      0x6e5 ./Core/Src/stm32f0xx_hal_msp.o
 .debug_line    0x000010e1      0x740 ./Core/Src/stm32f0xx_it.o
 .debug_line    0x00001821      0x723 ./Core/Src/system_stm32f0xx.o
 .debug_line    0x00001f44       0x7b ./Core/Startup/startup_stm32f072rbtx.o
 .debug_line    0x00001fbf      0x91d ./Drivers/STM32F0xx_HAL_Driver/Src/stm32f0xx_hal.o
 .debug_line    0x000028dc     0x1136 ./Drivers/STM32F0xx_HAL_Driver/Src/stm32f0xx_hal_adc.o
 .debug_line    0x00003a12      0x9c2 ./Drivers/STM32F0xx_HAL_Driver/Src/stm32f0xx_hal_cortex.o
 .debug_line    0x000043d4      0xa94 ./Drivers/STM32F0xx_HAL_Driver/Src/stm32f0xx_hal_gpio.o
 .debug_line    0x00004e68     0x124e ./Drivers/STM32F0xx_HAL_Driver/Src/stm32f0xx_hal_pcd.o
 .debug_line    0x000060b6      0x83d ./Drivers/STM32F0xx_HAL_Driver/Src/stm32f0xx_hal_pcd_ex.o
 .debug_line    0x000068f3      0xe5f ./Drivers/STM32F0xx_HAL_Driver/Src/stm32f0xx_hal_rcc.o
 .debug_line    0x00007752      0xbdb ./Drivers/STM32F0xx_HAL_Driver/Src/stm32f0xx_hal_rcc_ex.o
 .debug_line    0x0000832d     0x1007 ./Drivers/STM32F0xx_HAL_Driver/Src/stm32f0xx_ll_usb.o
 .debug_line    0x00009334      0xbe0 ./Middlewares/ST/STM32_USB_Device_Library/Class/CustomHID/Src/usbd_customhid.o
 .debug_line    0x00009f14      0xce1 ./Middlewares/ST/STM32_USB_Device_Library/Core/Src/usbd_core.o
 .debug_line    0x0000abf5      0xf28 ./Middlewares/ST/STM32_USB_Device_Library/Core/Src/usbd_ctlreq.o
 .debug_line    0x0000bb1d      0x997 ./Middlewares/ST/STM32_USB_Device_Library/Core/Src/usbd_ioreq.o
 .debug_line    0x0000c4b4      0x97a ./USB_DEVICE/App/usb_device.o
 .debug_line    0x0000ce2e      0x962 ./USB_DEVICE/App/usbd_custom_hid_if.o
 .debug_line    0x0000d790      0xa10 ./USB_DEVICE/App/usbd_desc.o
 .debug_line    0x0000e1a0      0xd5f ./USB_DEVICE/Target/usbd_conf.o

.debug_str      0x00000000    0x93456
 .debug_str     0x00000000    0x93456 ./Core/Src/main.o
                              0x90bf6 (size before relaxing)
 .debug_str     0x00093456    0x8c61f ./Core/Src/stm32f0xx_hal_msp.o
 .debug_str     0x00093456    0x8c6f0 ./Core/Src/stm32f0xx_it.o
 .debug_str     0x00093456    0x8bf2e ./Core/Src/system_stm32f0xx.o
 .debug_str     0x00093456       0xa8 ./Core/Startup/startup_stm32f072rbtx.o
 .debug_str     0x00093456    0x8c524 ./Drivers/STM32F0xx_HAL_Driver/Src/stm32f0xx_hal.o
 .debug_str     0x00093456    0x8c63b ./Drivers/STM32F0xx_HAL_Driver/Src/stm32f0xx_hal_adc.o
 .debug_str     0x00093456    0x8c315 ./Drivers/STM32F0xx_HAL_Driver/Src/stm32f0xx_hal_cortex.o
 .debug_str     0x00093456    0x8c0cf ./Drivers/STM32F0xx_HAL_Driver/Src/stm32f0xx_hal_gpio.o
 .debug_str     0x00093456    0x8c7f9 ./Drivers/STM32F0xx_HAL_Driver/Src/stm32f0xx_hal_pcd.o
 .debug_str     0x00093456    0x8c435 ./Drivers/STM32F0xx_HAL_Driver/Src/stm32f0xx_hal_pcd_ex.o
 .debug_str     0x00093456    0x8c375 ./Drivers/STM32F0xx_HAL_Driver/Src/stm32f0xx_hal_rcc.o
 .debug_str     0x00093456    0x8c32d ./Drivers/STM32F0xx_HAL_Driver/Src/stm32f0xx_hal_rcc_ex.o
 .debug_str     0x00093456    0x8c336 ./Drivers/STM32F0xx_HAL_Driver/Src/stm32f0xx_ll_usb.o
 .debug_str     0x00093456    0x90bb4 ./Middlewares/ST/STM32_USB_Device_Library/Class/CustomHID/Src/usbd_customhid.o
 .debug_str     0x00093456    0x90886 ./Middlewares/ST/STM32_USB_Device_Library/Core/Src/usbd_core.o
 .debug_str     0x00093456    0x907a0 ./Middlewares/ST/STM32_USB_Device_Library/Core/Src/usbd_ctlreq.o
 .debug_str     0x00093456    0x906cd ./Middlewares/ST/STM32_USB_Device_Library/Core/Src/usbd_ioreq.o
 .debug_str     0x00093456    0x90975 ./USB_DEVICE/App/usb_device.o
 .debug_str     0x00093456    0x90512 ./USB_DEVICE/App/usbd_custom_hid_if.o
 .debug_str     0x00093456    0x90613 ./USB_DEVICE/App/usbd_desc.o
 .debug_str     0x00093456    0x9132e ./USB_DEVICE/Target/usbd_conf.o

.comment        0x00000000       0x43
 .comment       0x00000000       0x43 ./Core/Src/main.o
                                 0x44 (size before relaxing)
 .comment       0x00000043       0x44 ./Core/Src/stm32f0xx_hal_msp.o
 .comment       0x00000043       0x44 ./Core/Src/stm32f0xx_it.o
 .comment       0x00000043       0x44 ./Core/Src/system_stm32f0xx.o
 .comment       0x00000043       0x44 ./Drivers/STM32F0xx_HAL_Driver/Src/stm32f0xx_hal.o
 .comment       0x00000043       0x44 ./Drivers/STM32F0xx_HAL_Driver/Src/stm32f0xx_hal_adc.o
 .comment       0x00000043       0x44 ./Drivers/STM32F0xx_HAL_Driver/Src/stm32f0xx_hal_cortex.o
 .comment       0x00000043       0x44 ./Drivers/STM32F0xx_HAL_Driver/Src/stm32f0xx_hal_gpio.o
 .comment       0x00000043       0x44 ./Drivers/STM32F0xx_HAL_Driver/Src/stm32f0xx_hal_pcd.o
 .comment       0x00000043       0x44 ./Drivers/STM32F0xx_HAL_Driver/Src/stm32f0xx_hal_pcd_ex.o
 .comment       0x00000043       0x44 ./Drivers/STM32F0xx_HAL_Driver/Src/stm32f0xx_hal_rcc.o
 .comment       0x00000043       0x44 ./Drivers/STM32F0xx_HAL_Driver/Src/stm32f0xx_hal_rcc_ex.o
 .comment       0x00000043       0x44 ./Drivers/STM32F0xx_HAL_Driver/Src/stm32f0xx_ll_usb.o
 .comment       0x00000043       0x44 ./Middlewares/ST/STM32_USB_Device_Library/Class/CustomHID/Src/usbd_customhid.o
 .comment       0x00000043       0x44 ./Middlewares/ST/STM32_USB_Device_Library/Core/Src/usbd_core.o
 .comment       0x00000043       0x44 ./Middlewares/ST/STM32_USB_Device_Library/Core/Src/usbd_ctlreq.o
 .comment       0x00000043       0x44 ./Middlewares/ST/STM32_USB_Device_Library/Core/Src/usbd_ioreq.o
 .comment       0x00000043       0x44 ./USB_DEVICE/App/usb_device.o
 .comment       0x00000043       0x44 ./USB_DEVICE/App/usbd_custom_hid_if.o
 .comment       0x00000043       0x44 ./USB_DEVICE/App/usbd_desc.o
 .comment       0x00000043       0x44 ./USB_DEVICE/Target/usbd_conf.o

.debug_frame    0x00000000     0x2528
 .debug_frame   0x00000000       0xa8 ./Core/Src/main.o
 .debug_frame   0x000000a8       0x70 ./Core/Src/stm32f0xx_hal_msp.o
 .debug_frame   0x00000118       0xf0 ./Core/Src/stm32f0xx_it.o
 .debug_frame   0x00000208       0x4c ./Core/Src/system_stm32f0xx.o
 .debug_frame   0x00000254      0x2a4 ./Drivers/STM32F0xx_HAL_Driver/Src/stm32f0xx_hal.o
 .debug_frame   0x000004f8      0x3a0 ./Drivers/STM32F0xx_HAL_Driver/Src/stm32f0xx_hal_adc.o
 .debug_frame   0x00000898      0x2a0 ./Drivers/STM32F0xx_HAL_Driver/Src/stm32f0xx_hal_cortex.o
 .debug_frame   0x00000b38      0x110 ./Drivers/STM32F0xx_HAL_Driver/Src/stm32f0xx_hal_gpio.o
 .debug_frame   0x00000c48      0x498 ./Drivers/STM32F0xx_HAL_Driver/Src/stm32f0xx_hal_pcd.o
 .debug_frame   0x000010e0      0x110 ./Drivers/STM32F0xx_HAL_Driver/Src/stm32f0xx_hal_pcd_ex.o
 .debug_frame   0x000011f0      0x198 ./Drivers/STM32F0xx_HAL_Driver/Src/stm32f0xx_hal_rcc.o
 .debug_frame   0x00001388      0x180 ./Drivers/STM32F0xx_HAL_Driver/Src/stm32f0xx_hal_rcc_ex.o
 .debug_frame   0x00001508      0x2d0 ./Drivers/STM32F0xx_HAL_Driver/Src/stm32f0xx_ll_usb.o
 .debug_frame   0x000017d8      0x190 ./Middlewares/ST/STM32_USB_Device_Library/Class/CustomHID/Src/usbd_customhid.o
 .debug_frame   0x00001968      0x290 ./Middlewares/ST/STM32_USB_Device_Library/Core/Src/usbd_core.o
 .debug_frame   0x00001bf8      0x1d8 ./Middlewares/ST/STM32_USB_Device_Library/Core/Src/usbd_ctlreq.o
 .debug_frame   0x00001dd0       0xf0 ./Middlewares/ST/STM32_USB_Device_Library/Core/Src/usbd_ioreq.o
 .debug_frame   0x00001ec0       0x2c ./USB_DEVICE/App/usb_device.o
 .debug_frame   0x00001eec       0x68 ./USB_DEVICE/App/usbd_custom_hid_if.o
 .debug_frame   0x00001f54      0x130 ./USB_DEVICE/App/usbd_desc.o
 .debug_frame   0x00002084      0x438 ./USB_DEVICE/Target/usbd_conf.o
 .debug_frame   0x000024bc       0x20 /opt/stm32cubeide/plugins/com.st.stm32cube.ide.mcu.externaltools.gnu-tools-for-stm32.14.3.rel1.linux64_1.0.100.202602081740/tools/bin/../lib/gcc/arm-none-eabi/14.3.1/../../../../arm-none-eabi/lib/thumb/v6-m/nofp/libc_nano.a(libc_a-memset.o)
 .debug_frame   0x000024dc       0x2c /opt/stm32cubeide/plugins/com.st.stm32cube.ide.mcu.externaltools.gnu-tools-for-stm32.14.3.rel1.linux64_1.0.100.202602081740/tools/bin/../lib/gcc/arm-none-eabi/14.3.1/../../../../arm-none-eabi/lib/thumb/v6-m/nofp/libc_nano.a(libc_a-init.o)
 .debug_frame   0x00002508       0x20 /opt/stm32cubeide/plugins/com.st.stm32cube.ide.mcu.externaltools.gnu-tools-for-stm32.14.3.rel1.linux64_1.0.100.202602081740/tools/bin/../lib/gcc/arm-none-eabi/14.3.1/thumb/v6-m/nofp/libgcc.a(_udivsi3.o)

.debug_line_str
                0x00000000       0x8c
 .debug_line_str
                0x00000000       0x8c ./Core/Startup/startup_stm32f072rbtx.o
